[backblue.gif]
[fade.gif]
[index.html]
[mychart.orlandohealth.com/MyChart/en-US/images/MyChart_city.png]
[mychart.orlandohealth.com/MyChart/favicon.ico]
[mychart.orlandohealth.com/MyChart/en-us/styles/commonebaf.css]
[mychart.orlandohealth.com/MyChart/en-us/styles/preloginebaf.css]
[mychart.orlandohealth.com/MyChart/en-us/styles/menuebaf.css]
[mychart.orlandohealth.com/MyChart/en-us/styles/componentebaf.css]
[mychart.orlandohealth.com/MyChart/en-us/styles/colorsebaf.css]
[mychart.orlandohealth.com/MyChart/en-us/styles/themeseee5.css]
[mychart.orlandohealth.com/MyChart/en-us/styles/calendarsebaf.css]
[mychart.orlandohealth.com/MyChart/en-us/styles/mobile_responsivesiteebaf.css]
[mychart.orlandohealth.com/MyChart/en-us/styles/goo-grid/goo-grideee5.css]
[mychart.orlandohealth.com/MyChart/en-us/styles/mobile_gridadapterebaf.css]
[mychart.orlandohealth.com/MyChart/en-us/styles/printeee5.css]
[mychart.orlandohealth.com/MyChart/en-US/images/warning.png]
[mychart.orlandohealth.com/MyChart/scripts/external/jquery-2.2.2.mine101.js]
[mychart.orlandohealth.com/MyChart/scripts/utilities/jqwrappers.min90dc.js]
[mychart.orlandohealth.com/MyChart/scripts/utilities/jqueryextensions.min90dc.js]
[mychart.orlandohealth.com/MyChart/scripts/external/handlebars.runtime.min8a21.js]
[mychart.orlandohealth.com/MyChart/bundles/core-1-pre82b3]
[mychart.orlandohealth.com/MyChart/localization/formats2537]
[mychart.orlandohealth.com/MyChart/context/webserversettingsad57]
[mychart.orlandohealth.com/MyChart/bundles/core-2-en-USfa91]
[mychart.orlandohealth.com/MyChart/mnemonicsad57]
[mychart.orlandohealth.com/MyChart/bundles/core-3-en-US35a1]
[mychart.orlandohealth.com/MyChart/bundles/core-5-en-USb01c]
[mychart.orlandohealth.com/MyChart/areas/authentication/scripts/controllers/loginpagecontroller.min826e.js]
[mychart.orlandohealth.com/MyChart/Authentication/Login2d77.html]
[mychart.orlandohealth.com/MyChart/nojs.html]
[mychart.orlandohealth.com/MyChart/fonts/sourcesanspro-semibold-webfont.eot]
[mychart.orlandohealth.com/MyChart/fonts/sourcesanspro-semibold-webfont.woff2]
[mychart.orlandohealth.com/MyChart/fonts/sourcesanspro-semibold-webfont.woff]
[mychart.orlandohealth.com/MyChart/fonts/sourcesanspro-semibold-webfont.ttf]
[mychart.orlandohealth.com/MyChart/fonts/sourcesanspro-semiboldit-webfont.eot]
[mychart.orlandohealth.com/MyChart/fonts/sourcesanspro-semiboldit-webfont.woff2]
[mychart.orlandohealth.com/MyChart/fonts/sourcesanspro-semiboldit-webfont.woff]
[mychart.orlandohealth.com/MyChart/fonts/sourcesanspro-semiboldit-webfont.ttf]
[mychart.orlandohealth.com/MyChart/fonts/sourcesanspro-it-webfont.eot]
[mychart.orlandohealth.com/MyChart/fonts/sourcesanspro-it-webfont.woff2]
[mychart.orlandohealth.com/MyChart/fonts/sourcesanspro-it-webfont.woff]
[mychart.orlandohealth.com/MyChart/fonts/sourcesanspro-it-webfont.ttf]
[mychart.orlandohealth.com/MyChart/fonts/sourcesanspro-regular-webfont.eot]
[mychart.orlandohealth.com/MyChart/fonts/sourcesanspro-regular-webfont.woff2]
[mychart.orlandohealth.com/MyChart/fonts/sourcesanspro-regular-webfont.woff]
[mychart.orlandohealth.com/MyChart/fonts/sourcesanspro-regular-webfont.ttf]
[mychart.orlandohealth.com/MyChart/en-us/images/required_asterisk.png]
[mychart.orlandohealth.com/MyChart/en-us/images/item_restore.png]
[mychart.orlandohealth.com/MyChart/en-us/images/eraser.png]
[mychart.orlandohealth.com/MyChart/en-us/images/my1chartlogo.png]
[mychart.orlandohealth.com/MyChart/en-us/images/CareEverywhere-With-Arrow.png]
[mychart.orlandohealth.com/MyChart/en-us/images/ProxySilhouette.png]
[mychart.orlandohealth.com/MyChart/en-us/images/up_chevron.png]
[mychart.orlandohealth.com/MyChart/en-us/styles/commonebaf.css]
[mychart.orlandohealth.com/MyChart/en-us/images/prelogin.jpg]
[mychart.orlandohealth.com/MyChart/en-us/images/prelogin_blurred.jpg]
[mychart.orlandohealth.com/MyChart/en-us/images/loginlogo.png]
[mychart.orlandohealth.com/MyChart/en-us/images/quicklinks/medical_advice.png]
[mychart.orlandohealth.com/MyChart/en-us/images/quicklinks/test_results.png]
[mychart.orlandohealth.com/MyChart/en-us/images/quicklinks/medications.png]
[mychart.orlandohealth.com/MyChart/en-us/images/quicklinks/appointments.png]
[mychart.orlandohealth.com/MyChart/en-us/styles/preloginebaf.css]
[mychart.orlandohealth.com/MyChart/en-us/images/logo.png]
[mychart.orlandohealth.com/MyChart/en-us/images/menus/health.png]
[mychart.orlandohealth.com/MyChart/en-us/images/menus/visits.png]
[mychart.orlandohealth.com/MyChart/en-us/images/menus/messages.png]
[mychart.orlandohealth.com/MyChart/en-us/images/menus/billing.png]
[mychart.orlandohealth.com/MyChart/en-us/images/menus/resources.png]
[mychart.orlandohealth.com/MyChart/en-us/images/menus/profile.png]
[mychart.orlandohealth.com/MyChart/en-us/styles/menuebaf.css]
[mychart.orlandohealth.com/MyChart/en-us/images/background_blurred.jpg]
[mychart.orlandohealth.com/MyChart/en-us/images/notification.png]
[mychart.orlandohealth.com/MyChart/en-us/images/video_visit.png]
[mychart.orlandohealth.com/MyChart/en-us/images/logo_careeverywhere.png]
[mychart.orlandohealth.com/MyChart/en-us/images/devices.png]
[mychart.orlandohealth.com/MyChart/en-us/images/mobile_tile.png]
[mychart.orlandohealth.com/MyChart/en-us/images/loadingIndicators/externalloading_layer1.png]
[mychart.orlandohealth.com/MyChart/en-us/images/loadingIndicators/externalloading_layer2.png]
[mychart.orlandohealth.com/MyChart/en-us/images/loadingIndicators/externalloading_layer3.png]
[mychart.orlandohealth.com/MyChart/en-us/images/loadingIndicators/externalloading_layer4.png]
[mychart.orlandohealth.com/MyChart/en-us/images/loadingIndicators/loadingHeartBackground.png]
[mychart.orlandohealth.com/MyChart/en-us/images/loadingIndicators/loadingHeartPulse.png]
[mychart.orlandohealth.com/MyChart/en-us/images/yield_yellow.png]
[mychart.orlandohealth.com/MyChart/en-us/styles/componentebaf.css]
[mychart.orlandohealth.com/MyChart/en-us/styles/colorsebaf.css]
[mychart.orlandohealth.com/MyChart/en-us/styles/themeseee5.css]
[mychart.orlandohealth.com/MyChart/en-us/styles/externalcolorsebaf.css]
[mychart.orlandohealth.com/MyChart/en-us/styles/calendarsebaf.css]
[mychart.orlandohealth.com/MyChart/en-us/styles/highcontrastebaf.css]
[mychart.orlandohealth.com/MyChart/en-us/styles/mobile_responsivesiteebaf.css]
[mychart.orlandohealth.com/MyChart/en-us/styles/goo-grid/goo-grideee5.css]
[mychart.orlandohealth.com/MyChart/en-us/styles/mobile_gridadapterebaf.css]
[mychart.orlandohealth.com/MyChart/en-us/styles/overrideebaf.css]
[mychart.orlandohealth.com/MyChart/en-us/styles/printeee5.css]
[mychart.orlandohealth.com/MyChart/scripts/core/core.min90dc.js]
[mychart.orlandohealth.com/MyChart/scripts/utilities/utilities.minb6e6.js]
[mychart.orlandohealth.com/MyChart/en-us/scripts/commonutils.min9b44.js]
[mychart.orlandohealth.com/MyChart/byeff86.html]
[mychart.orlandohealth.com/MyChart/index.html]
[mychart.orlandohealth.com/MyChart/en-us/styles/mobile_responsivemenuebaf.css]
[mychart.orlandohealth.com/MyChart/localization/formats1cb2]
[mychart.orlandohealth.com/MyChart/context/webserversettings953f]
[mychart.orlandohealth.com/MyChart/mnemonics953f]
[mychart.orlandohealth.com/MyChart/Help/Cookies.html]
[mychart.orlandohealth.com/MyChart/es-US/images/MyChart_city.png]
[mychart.orlandohealth.com/MyChart/es-US/images/warning.png]
[mychart.orlandohealth.com/MyChart/localization/formats8675]
[mychart.orlandohealth.com/MyChart/context/webserversettingsc1f7]
[mychart.orlandohealth.com/MyChart/bundles/core-2-es-US6c23]
[mychart.orlandohealth.com/MyChart/mnemonicsc1f7]
[mychart.orlandohealth.com/MyChart/bundles/core-3-es-USec53]
[mychart.orlandohealth.com/MyChart/bundles/core-5-es-US6c55]
[mychart.orlandohealth.com/MyChart/Authentication/Logina64f.html]
[mychart.orlandohealth.com/MyChart/scripts/ui_framework/core/common.minb6e6.js]
[mychart.orlandohealth.com/MyChart/scripts/helpers/svg/loadsvgiconhelpers.mind095.js]
[mychart.orlandohealth.com/MyChart/scripts/ui_framework/core/prelogin.minafe9.js]
[mychart.orlandohealth.com/MyChart/scripts/core/debug.min35bf.js]
[mychart.orlandohealth.com/MyChart/scripts/core/i18n.min03f3.js]
[mychart.orlandohealth.com/MyChart/localization/formats800c]
[mychart.orlandohealth.com/MyChart/scripts/wp.fdiutils.min7ff0.js]
[mychart.orlandohealth.com/MyChart/scripts/core/pagestartup.min9c40.js]
[mychart.orlandohealth.com/MyChart/scripts/core/prelogin.minc329.js]
[mychart.orlandohealth.com/MyChart/scripts/utilities/communityutilities.minb6e6.js]
[mychart.orlandohealth.com/MyChart/scripts/utilities/simpletemplates.min1a20.js]
[mychart.orlandohealth.com/MyChart/scripts/core/strings.min3350.js]
[mychart.orlandohealth.com/MyChart/context/webserversettings7d48]
[mychart.orlandohealth.com/MyChart/es-us/scripts/commonutils.min08bb.js]
[mychart.orlandohealth.com/MyChart/mnemonics113f]
[mychart.orlandohealth.com/MyChart/scripts/ui_framework/core/formvalidation.minaff2.js]
[mychart.orlandohealth.com/MyChart/es-us/scripts/intkeepalive.min08bb.js]
[mychart.orlandohealth.com/MyChart/es-us/scripts/wp.events.min08bb.js]
[mychart.orlandohealth.com/MyChart/es-us/scripts/dateformat.min08bb.js]
[mychart.orlandohealth.com/MyChart/es-us/scripts/wp.comm.min08bb.js]
[mychart.orlandohealth.com/MyChart/es-us/scripts/wp.utils.min08bb.js]
[mychart.orlandohealth.com/MyChart/es-us/scripts/wp.telehealthutils.min08bb.js]
[mychart.orlandohealth.com/MyChart/es-us/scripts/mychartjsstrings.min970c.js]
[mychart.orlandohealth.com/MyChart/rulestring/strings46a6]
[mychart.orlandohealth.com/MyChart/es-us/scripts/wp.dom.min08bb.js]
[mychart.orlandohealth.com/MyChart/es-us/scripts/wp.controls.min08bb.js]
[mychart.orlandohealth.com/MyChart/es-us/scripts/wp.controls.menu.min08bb.js]
[mychart.orlandohealth.com/MyChart/es-us/scripts/effects.min08bb.js]
[mychart.orlandohealth.com/MyChart/es-us/scripts/wp.strings.min08bb.js]
[mychart.orlandohealth.com/MyChart/scripts/utilities/handlebarshelpers.minb6e6.js]
[mychart.orlandohealth.com/MyChart/scripts/utilities/behaviors.min2152.js]
[mychart.orlandohealth.com/MyChart/templates/loggingout.tmpl.min90dc.js]
[mychart.orlandohealth.com/MyChart/templates/buttonbar.tmpl.min92a0.js]
[mychart.orlandohealth.com/MyChart/templates/overlay.tmpl.min90dc.js]
[mychart.orlandohealth.com/MyChart/templates/loading.tmpl.min850a.js]
[mychart.orlandohealth.com/MyChart/templates/externaljump.tmpl.min850a.js]
[mychart.orlandohealth.com/MyChart/templates/scrollbarwidth.tmpl.min90dc.js]
[mychart.orlandohealth.com/MyChart/templates/externalorganizationdetails.tmpl.min53b4.js]
[mychart.orlandohealth.com/MyChart/templates/externalorganizationicon.tmpl.min53b4.js]
[mychart.orlandohealth.com/MyChart/templates/externalloadingindicator.tmpl.mindfd5.js]
[mychart.orlandohealth.com/MyChart/templates/ui/ajaxspinner.tmpl.min3289.js]
[mychart.orlandohealth.com/MyChart/templates/ui/zerostate.tmpl.mine880.js]
[mychart.orlandohealth.com/MyChart/scripts/controllers/controller.min90dc.js]
[mychart.orlandohealth.com/MyChart/scripts/components/component.min2152.js]
[mychart.orlandohealth.com/MyChart/templates/infoprelogin.tmpl.min4f69.js]
[mychart.orlandohealth.com/MyChart/scripts/components/viewcomponent.min90dc.js]
[mychart.orlandohealth.com/MyChart/scripts/components/vb6component.min0708.js]
[mychart.orlandohealth.com/MyChart/scripts/components/templatecomponent.min90dc.js]
[mychart.orlandohealth.com/MyChart/scripts/components/inlineloadingcomponent.min90dc.js]
[mychart.orlandohealth.com/MyChart/scripts/components/inlineloadingwithsourcescomponent.min299d.js]
[mychart.orlandohealth.com/MyChart/scripts/components/externaljumppopupcomponent.minb6e6.js]
[mychart.orlandohealth.com/MyChart/scripts/components/confirmcomponent.min90dc.js]
[mychart.orlandohealth.com/MyChart/scripts/containers/containercomponent.min90dc.js]
[mychart.orlandohealth.com/MyChart/scripts/containers/positions.mind095.js]
[mychart.orlandohealth.com/MyChart/scripts/containers/popup.min352e.js]
[mychart.orlandohealth.com/MyChart/scripts/containers/panel.min90dc.js]
[mychart.orlandohealth.com/MyChart/templates/calendar.tmpl.minc74b.js]
[mychart.orlandohealth.com/MyChart/scripts/components/calendar.min2152.js]
[mychart.orlandohealth.com/MyChart/scripts/containers/multimonthcalendar.minc74b.js]
[mychart.orlandohealth.com/MyChart/es-us/scripts/calendars.min08bb.js]
[mychart.orlandohealth.com/MyChart/es-us/scripts/wp.validators.min08bb.js]
[mychart.orlandohealth.com/MyChart/scripts/containers/htmltemplatecontainer.minc808.js]
[mychart.orlandohealth.com/MyChart/scripts/components/safetoredirectcomponent.min4769.js]
[mychart.orlandohealth.com/MyChart/scripts/components/timeoutwarningcomponent.min1ee4.js]
[mychart.orlandohealth.com/MyChart/scripts/components/loggingoutcomponent.min90dc.js]
[mychart.orlandohealth.com/MyChart/scripts/components/messagecomponent.min90dc.js]
[mychart.orlandohealth.com/MyChart/areas/analytics/scripts/models/viewevent.mince8f.js]
[mychart.orlandohealth.com/MyChart/areas/analytics/scripts/controllers/usagetrackingcontroller.min955f.js]
[mychart.orlandohealth.com/MyChart/scripts/controllers/ui/localeswitchercontroller.min44cd.js]
[mychart.orlandohealth.com/MyChart/es-us/scripts/signup_login.min08bb.js]
[mychart.orlandohealth.com/MyChart/scripts/utilities/makevbpageresponsive.min90dc.js]
[mychart.orlandohealth.com/MyChart/es-US/Images/warning-2.png]
[mychart.orlandohealth.com/MyChart/en-US/images/badge_apple.png]
[mychart.orlandohealth.com/MyChart/en-US/images/badge_android.png]
[mychart.orlandohealth.com/MyChart/recoverlogin.html]
[mychart.orlandohealth.com/MyChart/localization/formats907f]
[mychart.orlandohealth.com/MyChart/scripts/wp.fdiutils.min5d99.js]
[mychart.orlandohealth.com/MyChart/context/webserversettings8b2c]
[mychart.orlandohealth.com/MyChart/mnemonics50a2]
[mychart.orlandohealth.com/MyChart/rulestring/strings97d8]
[mychart.orlandohealth.com/MyChart/passwordreseta5f8.html]
[mychart.orlandohealth.com/MyChart/localization/formatsdddc]
[mychart.orlandohealth.com/MyChart/scripts/wp.fdiutils.min9225.js]
[mychart.orlandohealth.com/MyChart/context/webserversettings61f0]
[mychart.orlandohealth.com/MyChart/mnemonics1106]
[mychart.orlandohealth.com/MyChart/rulestring/strings56bd]
[mychart.orlandohealth.com/MyChart/accesscheck.html]
[mychart.orlandohealth.com/MyChart/templates/ui/subway.tmpl6046.js]
[mychart.orlandohealth.com/MyChart/templates/ui/subwaystop.tmpl2deb.js]
[mychart.orlandohealth.com/MyChart/templates/ui/subwayline.tmpl2deb.js]
[mychart.orlandohealth.com/MyChart/areas/billpay/templates/guestpay/guestpayfirststep.tmpldd84.js]
[mychart.orlandohealth.com/MyChart/areas/billpay/templates/guestpay/guestpaysigninprompt.tmpl8a21.js]
[mychart.orlandohealth.com/MyChart/areas/billpay/templates/guestpay/guestpaysignupprompt.tmpl8a21.js]
[mychart.orlandohealth.com/MyChart/areas/billpay/templates/guestpay/guestpayaccountlookup.tmpl26cf.js]
[mychart.orlandohealth.com/MyChart/areas/billpay/templates/guestpay/choosebillingsystem.tmpl0344.js]
[mychart.orlandohealth.com/MyChart/areas/payments/templates/paymentmethodentrystep.tmpl8584.js]
[mychart.orlandohealth.com/MyChart/areas/payments/templates/shared/storedpaymentmethodssection.tmpl7b37.js]
[mychart.orlandohealth.com/MyChart/areas/payments/templates/shared/editstoredpaymentmethodssection.tmpl92a0.js]
[mychart.orlandohealth.com/MyChart/areas/payments/templates/shared/externalpayment.tmpl8584.js]
[mychart.orlandohealth.com/MyChart/areas/payments/templates/shared/newpaymentmethodforms.tmpl7b37.js]
[mychart.orlandohealth.com/MyChart/areas/payments/templates/shared/creditcardformfields.tmpld480.js]
[mychart.orlandohealth.com/MyChart/areas/payments/templates/shared/bankaccountformfields.tmpl931e.js]
[mychart.orlandohealth.com/MyChart/areas/payments/templates/shared/editnicknamepopup.tmpl92a0.js]
[mychart.orlandohealth.com/MyChart/areas/payments/templates/shared/_paymentsteploading.tmpl8584.js]
[mychart.orlandohealth.com/MyChart/areas/billpay/templates/guestpay/guestpayverifystep.tmpl8584.js]
[mychart.orlandohealth.com/MyChart/areas/billpay/templates/shared/verifysingleaccountpayment.tmpl4d90.js]
[mychart.orlandohealth.com/MyChart/areas/billpay/templates/shared/verifypaymentmethod.tmplc34a.js]
[mychart.orlandohealth.com/MyChart/areas/billpay/templates/shared/verifycreditcardextrainfo.tmplc34a.js]
[mychart.orlandohealth.com/MyChart/areas/billpay/templates/shared/verifybankaccountextrainfo.tmplc34a.js]
[mychart.orlandohealth.com/MyChart/areas/billing/templates/paymentamount/selector.tmpl6eb3.js]
[mychart.orlandohealth.com/MyChart/scripts/common/viewbinder.min1ec9.js]
[mychart.orlandohealth.com/MyChart/scripts/common/selectableviewbinder.mind4ee.js]
[mychart.orlandohealth.com/MyChart/scripts/common/expandablelistviewbinder.min90dc.js]
[mychart.orlandohealth.com/MyChart/scripts/models/ui/subwaystop.min2deb.js]
[mychart.orlandohealth.com/MyChart/areas/payments/scripts/models/paymentdetails.min90dc.js]
[mychart.orlandohealth.com/MyChart/areas/payments/scripts/models/paymentpostingdata.min4410.js]
[mychart.orlandohealth.com/MyChart/areas/payments/scripts/models/paymentmethod.min90dc.js]
[mychart.orlandohealth.com/MyChart/areas/payments/scripts/models/paymentdatapool.min90dc.js]
[mychart.orlandohealth.com/MyChart/scripts/controllers/ui/subwayworkflowcontroller.min30f1.js]
[mychart.orlandohealth.com/MyChart/scripts/controllers/ui/subwaystopcontroller.min90dc.js]
[mychart.orlandohealth.com/MyChart/areas/billpay/scripts/controllers/guestpayworkflowcontroller.min8584.js]
[mychart.orlandohealth.com/MyChart/areas/billpay/scripts/controllers/guestpayfirststepcontroller.min44cd.js]
[mychart.orlandohealth.com/MyChart/areas/payments/scripts/controllers/paymentmethodentrystepcontroller.min3f26.js]
[mychart.orlandohealth.com/MyChart/areas/billpay/scripts/controllers/guestpayverifystepcontroller.min90dc.js]
[mychart.orlandohealth.com/MyChart/areas/billing/scripts/controllers/paymentamountcontroller.min6eb3.js]
[mychart.orlandohealth.com/MyChart/areas/payments/scripts/editnicknamepopup.min90dc.js]
[mychart.orlandohealth.com/MyChart/areas/payments/scripts/helpers/billinghelpers.minbf84.js]
[mychart.orlandohealth.com/MyChart/areas/payments/scripts/helpers/paymentformvalidationhelpers.min90dc.js]
[mychart.orlandohealth.com/MyChart/areas/payments/scripts/helpers/paymentdatapoolhelpers.min3f26.js]
[mychart.orlandohealth.com/MyChart/areas/payments/scripts/helpers/paymentmethodentryhelpers.min3f26.js]
[mychart.orlandohealth.com/MyChart/areas/payments/scripts/models/creditcardbrand.min90dc.js]
[mychart.orlandohealth.com/MyChart/scripts/ui_framework/support/cards.min90dc.js]
[mychart.orlandohealth.com/MyChart/templates/ui/captcha.tmplf3f0.js]
[mychart.orlandohealth.com/MyChart/scripts/models/captcha/googlerecaptchav2.min826e.js]
[www.google.com/recaptcha/apiaa86.js]
[mychart.orlandohealth.com/MyChart/scripts/common/hoverviewbinder.mine2fa.js]
[mychart.orlandohealth.com/MyChart/scripts/models/ui/infobubble.min154a.js]
[mychart.orlandohealth.com/MyChart/templates/ui/infobubble.tmpl97d0.js]
[mychart.orlandohealth.com/MyChart/Billing/GuestPay/PayasGuest.html]
[mychart.orlandohealth.com/MyChart/Authentication/Logina21a.html]
[mychart.orlandohealth.com/MyChart/en-US/favicon.html]
[mychart.orlandohealth.com/MyChart/Help/JavaScript.html]
[mychart.orlandohealth.com/MyChart/fonts/sourcesanspro-semibold-webfont.svg]
[mychart.orlandohealth.com/MyChart/fonts/sourcesanspro-semiboldit-webfont.svg]
[mychart.orlandohealth.com/MyChart/fonts/sourcesanspro-it-webfont.svg]
[mychart.orlandohealth.com/MyChart/fonts/sourcesanspro-regular-webfont.svg]
[mychart.orlandohealth.com/MyChart/en-us/images/checkmark_large.svg]
[mychart.orlandohealth.com/MyChart/en-us/images/up_chevron_blue.svg]
[mychart.orlandohealth.com/MyChart/en-us/images/down_chevron_blue.svg]
[mychart.orlandohealth.com/MyChart/en-us/images/circle_check_icon.svg]
[mychart.orlandohealth.com/MyChart/en-us/images/information_outline_icon.svg]
[mychart.orlandohealth.com/MyChart/en-us/images/information_gray_icon.svg]
[mychart.orlandohealth.com/MyChart/en-us/images/circle_error_icon.svg]
[mychart.orlandohealth.com/MyChart/en-us/images/widget_open_blue.svg]
[mychart.orlandohealth.com/MyChart/en-us/images/data_loading_error.svg]
[mychart.orlandohealth.com/MyChart/en-us/images/external_org_link.html]
[mychart.orlandohealth.com/MyChart/Authentication/Logind41d.html]
[mychart.orlandohealth.com/MyChart/en-us/styles/mobile_responsivemenuebaf.css]
[mychart.orlandohealth.com/MyChart/es-us/images/required_asterisk.png]
[mychart.orlandohealth.com/MyChart/es-us/images/item_restore.png]
[mychart.orlandohealth.com/MyChart/es-us/images/eraser.png]
[mychart.orlandohealth.com/MyChart/es-us/images/my1chartlogo.png]
[mychart.orlandohealth.com/MyChart/es-us/images/CareEverywhere-With-Arrow.png]
[mychart.orlandohealth.com/MyChart/es-us/images/ProxySilhouette.png]
[mychart.orlandohealth.com/MyChart/es-us/images/up_chevron.png]
[mychart.orlandohealth.com/MyChart/es-us/styles/commoneee5.css]
[mychart.orlandohealth.com/MyChart/es-us/images/prelogin.jpg]
[mychart.orlandohealth.com/MyChart/es-us/images/prelogin_blurred.jpg]
[mychart.orlandohealth.com/MyChart/es-us/images/loginlogo.png]
[mychart.orlandohealth.com/MyChart/es-us/images/quicklinks/medical_advice.png]
[mychart.orlandohealth.com/MyChart/es-us/images/quicklinks/test_results.png]
[mychart.orlandohealth.com/MyChart/es-us/images/quicklinks/medications.png]
[mychart.orlandohealth.com/MyChart/es-us/images/quicklinks/appointments.png]
[mychart.orlandohealth.com/MyChart/es-us/styles/prelogina09d.css]
[mychart.orlandohealth.com/MyChart/es-us/images/logo.png]
[mychart.orlandohealth.com/MyChart/es-us/images/menus/health.png]
[mychart.orlandohealth.com/MyChart/es-us/images/menus/visits.png]
[mychart.orlandohealth.com/MyChart/es-us/images/menus/messages.png]
[mychart.orlandohealth.com/MyChart/es-us/images/menus/billing.png]
[mychart.orlandohealth.com/MyChart/es-us/images/menus/resources.png]
[mychart.orlandohealth.com/MyChart/es-us/images/menus/profile.png]
[mychart.orlandohealth.com/MyChart/es-us/styles/menueee5.css]
[mychart.orlandohealth.com/MyChart/es-us/images/background_blurred.jpg]
[mychart.orlandohealth.com/MyChart/es-us/images/notification.png]
[mychart.orlandohealth.com/MyChart/es-us/images/video_visit.png]
[mychart.orlandohealth.com/MyChart/es-us/images/logo_careeverywhere.png]
[mychart.orlandohealth.com/MyChart/es-us/images/devices.png]
[mychart.orlandohealth.com/MyChart/es-us/images/mobile_tile.png]
[mychart.orlandohealth.com/MyChart/es-us/images/loadingIndicators/externalloading_layer1.png]
[mychart.orlandohealth.com/MyChart/es-us/images/loadingIndicators/externalloading_layer2.png]
[mychart.orlandohealth.com/MyChart/es-us/images/loadingIndicators/externalloading_layer3.png]
[mychart.orlandohealth.com/MyChart/es-us/images/loadingIndicators/externalloading_layer4.png]
[mychart.orlandohealth.com/MyChart/es-us/images/loadingIndicators/loadingHeartBackground.png]
[mychart.orlandohealth.com/MyChart/es-us/images/loadingIndicators/loadingHeartPulse.png]
[mychart.orlandohealth.com/MyChart/es-us/images/yield_yellow.png]
[mychart.orlandohealth.com/MyChart/es-us/styles/componenteee5.css]
[mychart.orlandohealth.com/MyChart/es-us/styles/colorseee5.css]
[mychart.orlandohealth.com/MyChart/es-us/styles/themesa09d.css]
[mychart.orlandohealth.com/MyChart/es-us/styles/externalcolorseee5.css]
[mychart.orlandohealth.com/MyChart/es-us/styles/calendarseee5.css]
[mychart.orlandohealth.com/MyChart/es-us/styles/highcontrasteee5.css]
[mychart.orlandohealth.com/MyChart/es-us/styles/mobile_responsivesiteeee5.css]
[mychart.orlandohealth.com/MyChart/es-us/styles/goo-grid/goo-grida09d.css]
[mychart.orlandohealth.com/MyChart/es-us/styles/mobile_gridadaptereee5.css]
[mychart.orlandohealth.com/MyChart/es-us/styles/overridea09d.css]
[mychart.orlandohealth.com/MyChart/es-us/styles/printa09d.css]
[mychart.orlandohealth.com/MyChart/localization/formats90a9]
[mychart.orlandohealth.com/MyChart/context/webserversettingsa43f]
[mychart.orlandohealth.com/MyChart/mnemonicsa43f]
[mychart.orlandohealth.com/MyChart/Authentication/Login4603.html]
[mychart.orlandohealth.com/MyChart/es-us/images/authentication/email_toggled_green.png]
[mychart.orlandohealth.com/MyChart/es-us/images/authentication/text_toggled_green.png]
[mychart.orlandohealth.com/MyChart/es-us/styles/authenticationeee5.css]
[mychart.orlandohealth.com/MyChart/localization/formats7d9e]
[mychart.orlandohealth.com/MyChart/scripts/wp.fdiutils.minbc20.js]
[mychart.orlandohealth.com/MyChart/context/webserversettingsa2bc]
[mychart.orlandohealth.com/MyChart/mnemonicsa460]
[mychart.orlandohealth.com/MyChart/en-us/scripts/intkeepalive.min9b44.js]
[mychart.orlandohealth.com/MyChart/en-us/scripts/wp.events.min9b44.js]
[mychart.orlandohealth.com/MyChart/en-us/scripts/dateformat.min9b44.js]
[mychart.orlandohealth.com/MyChart/en-us/scripts/wp.comm.min9b44.js]
[mychart.orlandohealth.com/MyChart/en-us/scripts/wp.utils.min9b44.js]
[mychart.orlandohealth.com/MyChart/en-us/scripts/wp.telehealthutils.min9b44.js]
[mychart.orlandohealth.com/MyChart/rulestring/strings2414]
[mychart.orlandohealth.com/MyChart/en-us/scripts/mychartjsstrings.min0ef2.js]
[mychart.orlandohealth.com/MyChart/en-us/scripts/wp.dom.min9b44.js]
[mychart.orlandohealth.com/MyChart/en-us/scripts/wp.controls.min9b44.js]
[mychart.orlandohealth.com/MyChart/en-us/scripts/wp.controls.menu.min9b44.js]
[mychart.orlandohealth.com/MyChart/en-us/scripts/effects.min9b44.js]
[mychart.orlandohealth.com/MyChart/en-us/scripts/wp.strings.min9b44.js]
[mychart.orlandohealth.com/MyChart/en-us/scripts/calendars.minff54.js]
[mychart.orlandohealth.com/MyChart/en-us/scripts/wp.validators.min9b44.js]
[mychart.orlandohealth.com/MyChart/en-us/scripts/signup_login.min9b44.js]
[mychart.orlandohealth.com/MyChart/en-US/Images/warning-2.png]
[mychart.orlandohealth.com/MyChart/recoverlogin1d29.html]
[mychart.orlandohealth.com/MyChart/en-us/styles/cardsebaf.css]
[mychart.orlandohealth.com/MyChart/en-us/styles/tableseee5.css]
[mychart.orlandohealth.com/MyChart/Content/images/thirdparty_hdrexperian.png]
[mychart.orlandohealth.com/MyChart/areas/internationalization/scripts/shared/addressformcomponent.min6adf.js]
[mychart.orlandohealth.com/MyChart/areas/demographics/scripts/shared/demographicsformcomponent.minefbc.js]
[mychart.orlandohealth.com/MyChart/areas/thirdpartyverification/templates/shared/thirdpartyquestionform.tmplf3f0.js]
[mychart.orlandohealth.com/MyChart/areas/demographics/templates/baseaddress.tmpl4d90.js]
[mychart.orlandohealth.com/MyChart/areas/signup/templates/signuppopup.tmplab9a.js]
[mychart.orlandohealth.com/MyChart/areas/demographics/scripts/controllers/addresscontroller.mine90b.js]
[mychart.orlandohealth.com/MyChart/areas/thirdpartyverification/scripts/shared/thirdpartyverificationcomponent.minc329.js]
[mychart.orlandohealth.com/MyChart/areas/signup/scripts/shared/signupdemographicsformcomponent.minefbc.js]
[mychart.orlandohealth.com/MyChart/areas/signup/scripts/standalone/signupcontroller.mine870.js]
[mychart.orlandohealth.com/MyChart/areas/signup/scripts/shared/signuppopupcomponent.minab9a.js]
[www.google.com/recaptcha/api8a74.js]
[mychart.orlandohealth.com/MyChart/Signup.html]
[mychart.orlandohealth.com/MyChart/Authentication/Login8869.html]
[mychart.orlandohealth.com/MyChart/Authentication/Login66b2.html]
[mychart.orlandohealth.com/MyChart/Authentication/Login4080.html]
[mychart.orlandohealth.com/MyChart/localization/formats036b]
[mychart.orlandohealth.com/MyChart/scripts/wp.fdiutils.min4cbd.js]
[mychart.orlandohealth.com/MyChart/context/webserversettingsc0e5]
[mychart.orlandohealth.com/MyChart/mnemonics1977]
[mychart.orlandohealth.com/MyChart/rulestring/strings299b]
[mychart.orlandohealth.com/MyChart/passwordreset356c.html]
[mychart.orlandohealth.com/MyChart/localization/formatsec12]
[mychart.orlandohealth.com/MyChart/scripts/wp.fdiutils.min1b00.js]
[mychart.orlandohealth.com/MyChart/context/webserversettingsb1c8]
[mychart.orlandohealth.com/MyChart/mnemonicsb99e]
[mychart.orlandohealth.com/MyChart/rulestring/stringsd84d]
[mychart.orlandohealth.com/MyChart/accesscheck1d29.html]
[mychart.orlandohealth.com/MyChart/es-us/styles/billingeee5.css]
[mychart.orlandohealth.com/MyChart/es-us/styles/externalpaymenteee5.css]
[mychart.orlandohealth.com/MyChart/es-us/styles/paymenta09d.css]
[mychart.orlandohealth.com/MyChart/es-us/images/info.png]
[mychart.orlandohealth.com/MyChart/es-us/styles/cardseee5.css]
[mychart.orlandohealth.com/MyChart/en-us/styles/billingebaf.css]
[mychart.orlandohealth.com/MyChart/en-us/styles/paymentebaf.css]
[mychart.orlandohealth.com/MyChart/Billing/GuestPay/PayasGuest1d29.html]
[mychart.orlandohealth.com/MyChart/Authentication/Login5f7f.html]
[mychart.orlandohealth.com/MyChart/es-us/styles/mobile_responsivemenueee5.css]
[mychart.orlandohealth.com/MyChart/Authentication/Login1d29.html]
[mychart.orlandohealth.com/MyChart/es-us/images/checkmark_large.svg]
[mychart.orlandohealth.com/MyChart/es-us/images/up_chevron_blue.svg]
[mychart.orlandohealth.com/MyChart/es-us/images/down_chevron_blue.svg]
[mychart.orlandohealth.com/MyChart/es-us/images/circle_check_icon.svg]
[mychart.orlandohealth.com/MyChart/es-us/images/information_outline_icon.svg]
[mychart.orlandohealth.com/MyChart/es-us/images/information_gray_icon.svg]
[mychart.orlandohealth.com/MyChart/es-us/images/circle_error_icon.svg]
[mychart.orlandohealth.com/MyChart/es-us/images/widget_open_blue.svg]
[mychart.orlandohealth.com/MyChart/es-us/images/data_loading_error.svg]
[mychart.orlandohealth.com/MyChart/es-us/images/external_org_link.html]
[mychart.orlandohealth.com/MyChart/es-us/images/authentication/email_toggled_blue.svg]
[mychart.orlandohealth.com/MyChart/es-us/images/authentication/text_toggled_blue.svg]
[mychart.orlandohealth.com/MyChart/en-us/images/authentication/email_toggled_green.png]
[mychart.orlandohealth.com/MyChart/en-us/images/authentication/text_toggled_green.png]
[mychart.orlandohealth.com/MyChart/en-us/styles/authenticationebaf.css]
[mychart.orlandohealth.com/MyChart/localization/formats9a53]
[mychart.orlandohealth.com/MyChart/scripts/wp.fdiutils.minba64.js]
[mychart.orlandohealth.com/MyChart/context/webserversettings878d]
[mychart.orlandohealth.com/MyChart/mnemonics4df8]
[mychart.orlandohealth.com/MyChart/rulestring/strings0d60]
[mychart.orlandohealth.com/MyChart/recoverlogind896.html]
[mychart.orlandohealth.com/MyChart/Content/images/signup_mailcode.png]
[mychart.orlandohealth.com/MyChart/Content/images/signup_QandA.png]
[mychart.orlandohealth.com/MyChart/Content/images/thirdparty_bgquestion.png]
[mychart.orlandohealth.com/MyChart/Content/images/thirdparty_bganswers.png]
[mychart.orlandohealth.com/MyChart/Content/images/thirdparty_btnnext.png]
[mychart.orlandohealth.com/MyChart/Content/images/spinner_barbershop.gif]
[mychart.orlandohealth.com/MyChart/Content/images/confirm_mail.png]
[mychart.orlandohealth.com/MyChart/Content/SignupArea.css]
[mychart.orlandohealth.com/MyChart/en-us/images/info.png]
[mychart.orlandohealth.com/MyChart/en-us/styles/cardsebaf.css]
[mychart.orlandohealth.com/MyChart/en-us/styles/tableseee5.css]
[mychart.orlandohealth.com/MyChart/en-us/styles/baseaddressebaf.css]
[mychart.orlandohealth.com/MyChart/en-us/images/sidearrows.png]
[mychart.orlandohealth.com/MyChart/en-us/styles/subwayeee5.css]
[mychart.orlandohealth.com/MyChart/localization/formatsbe77]
[mychart.orlandohealth.com/MyChart/Signupd896.html]
[mychart.orlandohealth.com/MyChart/Authentication/Logince6a.html]
[mychart.orlandohealth.com/MyChart/Authentication/Login1a54.html]
[mychart.orlandohealth.com/MyChart/Authentication/Login83fc.html]
[mychart.orlandohealth.com/MyChart/localization/formats1b12]
[mychart.orlandohealth.com/MyChart/scripts/wp.fdiutils.min6358.js]
[mychart.orlandohealth.com/MyChart/context/webserversettings4f02]
[mychart.orlandohealth.com/MyChart/mnemonics56e2]
[mychart.orlandohealth.com/MyChart/rulestring/strings67f1]
[mychart.orlandohealth.com/MyChart/passwordreset092b.html]
[mychart.orlandohealth.com/MyChart/localization/formatsf7e9]
[mychart.orlandohealth.com/MyChart/scripts/wp.fdiutils.min5f68.js]
[mychart.orlandohealth.com/MyChart/context/webserversettingsb88e]
[mychart.orlandohealth.com/MyChart/mnemonicsaa51]
[mychart.orlandohealth.com/MyChart/rulestring/stringsc7db]
[mychart.orlandohealth.com/MyChart/accesscheckd896.html]
[mychart.orlandohealth.com/MyChart/es-us/images/billing/account_details/statement_unread.svg]
[mychart.orlandohealth.com/MyChart/es-us/images/billing/account_details/statement_read.svg]
[mychart.orlandohealth.com/MyChart/es-us/images/payplanauto_normal.svg]
[mychart.orlandohealth.com/MyChart/es-us/images/success.svg]
[mychart.orlandohealth.com/MyChart/en-us/styles/billingebaf.css]
[mychart.orlandohealth.com/MyChart/en-us/styles/externalpaymentebaf.css]
[mychart.orlandohealth.com/MyChart/en-us/styles/paymentebaf.css]
[mychart.orlandohealth.com/MyChart/Billing/GuestPay/PayasGuestd896.html]
[mychart.orlandohealth.com/MyChart/Authentication/Login651f.html]
[mychart.orlandohealth.com/MyChart/Authentication/Logind896.html]
[mychart.orlandohealth.com/MyChart/en-us/images/authentication/email_toggled_blue.svg]
[mychart.orlandohealth.com/MyChart/en-us/images/authentication/text_toggled_blue.svg]
[mychart.orlandohealth.com/MyChart/en-us/images/success.svg]
[mychart.orlandohealth.com/MyChart/es-us/styles/tablesa09d.css]
[mychart.orlandohealth.com/MyChart/es-us/styles/baseaddresseee5.css]
[mychart.orlandohealth.com/MyChart/es-us/images/sidearrows.png]
[mychart.orlandohealth.com/MyChart/es-us/styles/subwaya09d.css]
[mychart.orlandohealth.com/MyChart/localization/formats071e]
[mychart.orlandohealth.com/MyChart/context/webserversettingsb0d9]
[mychart.orlandohealth.com/MyChart/mnemonicsb0d9]
[mychart.orlandohealth.com/MyChart/Signup1d29.html]
[mychart.orlandohealth.com/MyChart/Authentication/Loginf72b.html]
[mychart.orlandohealth.com/MyChart/Authentication/Loginaba6.html]
[mychart.orlandohealth.com/MyChart/Authentication/Login10b0.html]
[mychart.orlandohealth.com/MyChart/localization/formats8d28]
[mychart.orlandohealth.com/MyChart/scripts/wp.fdiutils.minb6fa.js]
[mychart.orlandohealth.com/MyChart/context/webserversettings10e0]
[mychart.orlandohealth.com/MyChart/mnemonics4dd5]
[mychart.orlandohealth.com/MyChart/rulestring/stringseb6c]
[mychart.orlandohealth.com/MyChart/passwordreset17e2.html]
[mychart.orlandohealth.com/MyChart/en-us/images/billing/account_details/statement_unread.svg]
[mychart.orlandohealth.com/MyChart/en-us/images/billing/account_details/statement_read.svg]
[mychart.orlandohealth.com/MyChart/en-us/images/payplanauto_normal.svg]
[mychart.orlandohealth.com/MyChart/localization/formatsf446]
[mychart.orlandohealth.com/MyChart/scripts/wp.fdiutils.min7204.js]
[mychart.orlandohealth.com/MyChart/context/webserversettings5cc5]
[mychart.orlandohealth.com/MyChart/mnemonics0d3b]
[mychart.orlandohealth.com/MyChart/rulestring/strings2d73]
[mychart.orlandohealth.com/MyChart/passwordresetd494.html]
[mychart.orlandohealth.com/MyChart/localization/formats3cd2]
[mychart.orlandohealth.com/MyChart/scripts/wp.fdiutils.min8e47.js]
[mychart.orlandohealth.com/MyChart/context/webserversettings5a87]
[mychart.orlandohealth.com/MyChart/mnemonics0832]
[mychart.orlandohealth.com/MyChart/rulestring/strings1e0a]
[mychart.orlandohealth.com/MyChart/passwordresetab34.html]
[mychart.orlandohealth.com/MyChart/localization/formats25b1]
[mychart.orlandohealth.com/MyChart/scripts/wp.fdiutils.min2df0.js]
[mychart.orlandohealth.com/MyChart/context/webserversettings8714]
[mychart.orlandohealth.com/MyChart/mnemonics7720]
[mychart.orlandohealth.com/MyChart/rulestring/stringsc047]
[mychart.orlandohealth.com/MyChart/passwordreseta868.html]
[mychart.orlandohealth.com/MyChart/localization/formats1452]
[mychart.orlandohealth.com/MyChart/scripts/wp.fdiutils.min584f.js]
[mychart.orlandohealth.com/MyChart/context/webserversettingsc6f9]
[mychart.orlandohealth.com/MyChart/mnemonics23c5]
[mychart.orlandohealth.com/MyChart/rulestring/stringsccd5]
[mychart.orlandohealth.com/MyChart/passwordresete5b3.html]
[mychart.orlandohealth.com/MyChart/localization/formats17e2]
[mychart.orlandohealth.com/MyChart/scripts/wp.fdiutils.min820e.js]
[mychart.orlandohealth.com/MyChart/context/webserversettings988a]
[mychart.orlandohealth.com/MyChart/mnemonics2974]
[mychart.orlandohealth.com/MyChart/rulestring/stringsf366]
[mychart.orlandohealth.com/MyChart/passwordreset995a.html]
[mychart.orlandohealth.com/MyChart/localization/formatsf821]
[mychart.orlandohealth.com/MyChart/scripts/wp.fdiutils.min54ba.js]
[mychart.orlandohealth.com/MyChart/context/webserversettingsa0f3]
[mychart.orlandohealth.com/MyChart/mnemonics3f95]
[mychart.orlandohealth.com/MyChart/rulestring/strings5f44]
[mychart.orlandohealth.com/MyChart/passwordreset0a77.html]
[mychart.orlandohealth.com/MyChart/localization/formatsaaa2]
[mychart.orlandohealth.com/MyChart/scripts/wp.fdiutils.min7466.js]
[mychart.orlandohealth.com/MyChart/context/webserversettings2a13]
[mychart.orlandohealth.com/MyChart/mnemonics0f0a]
[mychart.orlandohealth.com/MyChart/rulestring/strings0726]
[mychart.orlandohealth.com/MyChart/passwordreset2536.html]
[mychart.orlandohealth.com/MyChart/localization/formatsd5d2]
[mychart.orlandohealth.com/MyChart/scripts/wp.fdiutils.min73cc.js]
[mychart.orlandohealth.com/MyChart/context/webserversettings77a5]
[mychart.orlandohealth.com/MyChart/mnemonicsb615]
[mychart.orlandohealth.com/MyChart/rulestring/strings642b]
[mychart.orlandohealth.com/MyChart/passwordresete325.html]
[mychart.orlandohealth.com/MyChart/localization/formats8805]
[mychart.orlandohealth.com/MyChart/scripts/wp.fdiutils.min3cbf.js]
[mychart.orlandohealth.com/MyChart/context/webserversettings9bce]
[mychart.orlandohealth.com/MyChart/mnemonics22c5]
[mychart.orlandohealth.com/MyChart/rulestring/stringsca2d]
[mychart.orlandohealth.com/MyChart/passwordreset79a2.html]
[mychart.orlandohealth.com/MyChart/localization/formats10d9]
[mychart.orlandohealth.com/MyChart/scripts/wp.fdiutils.min938e.js]
[mychart.orlandohealth.com/MyChart/context/webserversettings9175]
[mychart.orlandohealth.com/MyChart/mnemonicsbde1]
[mychart.orlandohealth.com/MyChart/rulestring/stringsaaf6]
[mychart.orlandohealth.com/MyChart/passwordreset30bc.html]
[mychart.orlandohealth.com/MyChart/localization/formatsc539]
[mychart.orlandohealth.com/MyChart/scripts/wp.fdiutils.minc711.js]
[mychart.orlandohealth.com/MyChart/context/webserversettingscf42]
[mychart.orlandohealth.com/MyChart/mnemonics625f]
[mychart.orlandohealth.com/MyChart/rulestring/strings33c4]
[mychart.orlandohealth.com/MyChart/passwordresete52d.html]
[mychart.orlandohealth.com/MyChart/localization/formats053f]
[mychart.orlandohealth.com/MyChart/scripts/wp.fdiutils.min6cfe.js]
[mychart.orlandohealth.com/MyChart/context/webserversettingsfc39]
[mychart.orlandohealth.com/MyChart/mnemonics6a14]
[mychart.orlandohealth.com/MyChart/rulestring/stringsdd2e]
[mychart.orlandohealth.com/MyChart/passwordreset517e.html]
[mychart.orlandohealth.com/MyChart/localization/formatsc697]
[mychart.orlandohealth.com/MyChart/scripts/wp.fdiutils.minf039.js]
[mychart.orlandohealth.com/MyChart/context/webserversettings03ff]
[mychart.orlandohealth.com/MyChart/mnemonics33ae]
[mychart.orlandohealth.com/MyChart/rulestring/strings22d9]
[mychart.orlandohealth.com/MyChart/passwordreset203f.html]
[mychart.orlandohealth.com/MyChart/localization/formats638e]
[mychart.orlandohealth.com/MyChart/scripts/wp.fdiutils.min9860.js]
[mychart.orlandohealth.com/MyChart/context/webserversettingsa87b]
[mychart.orlandohealth.com/MyChart/mnemonics9fc7]
[mychart.orlandohealth.com/MyChart/rulestring/stringsd4de]
[mychart.orlandohealth.com/MyChart/passwordresetc328.html]
[mychart.orlandohealth.com/MyChart/localization/formats14ba]
[mychart.orlandohealth.com/MyChart/scripts/wp.fdiutils.min1a53.js]
[mychart.orlandohealth.com/MyChart/context/webserversettings4a8f]
[mychart.orlandohealth.com/MyChart/mnemonicsd116]
[mychart.orlandohealth.com/MyChart/rulestring/strings6664]
[mychart.orlandohealth.com/MyChart/passwordreset7a3f.html]
[mychart.orlandohealth.com/MyChart/localization/formats869b]
[mychart.orlandohealth.com/MyChart/scripts/wp.fdiutils.min4c04.js]
[mychart.orlandohealth.com/MyChart/context/webserversettings3b61]
[mychart.orlandohealth.com/MyChart/mnemonics14ed]
[mychart.orlandohealth.com/MyChart/rulestring/stringsdf6d]
[mychart.orlandohealth.com/MyChart/passwordreset770d.html]
[mychart.orlandohealth.com/MyChart/localization/formats9862]
[mychart.orlandohealth.com/MyChart/scripts/wp.fdiutils.mineff7.js]
[mychart.orlandohealth.com/MyChart/context/webserversettings2b53]
[mychart.orlandohealth.com/MyChart/mnemonicsa53b]
[mychart.orlandohealth.com/MyChart/rulestring/strings7c4d]
[mychart.orlandohealth.com/MyChart/passwordresetc650.html]
[mychart.orlandohealth.com/MyChart/localization/formats9b05]
[mychart.orlandohealth.com/MyChart/scripts/wp.fdiutils.min9cfd.js]
[mychart.orlandohealth.com/MyChart/context/webserversettings40e5]
[mychart.orlandohealth.com/MyChart/mnemonics6390]
[mychart.orlandohealth.com/MyChart/rulestring/strings6723]
[mychart.orlandohealth.com/MyChart/passwordresetf14b.html]
[mychart.orlandohealth.com/MyChart/localization/formats0272]
[mychart.orlandohealth.com/MyChart/scripts/wp.fdiutils.mina765.js]
[mychart.orlandohealth.com/MyChart/context/webserversettingsb00c]
[mychart.orlandohealth.com/MyChart/mnemonicsf8f4]
[mychart.orlandohealth.com/MyChart/rulestring/strings9db6]
[mychart.orlandohealth.com/MyChart/passwordresetd731.html]
[mychart.orlandohealth.com/MyChart/localization/formats4f38]
[mychart.orlandohealth.com/MyChart/scripts/wp.fdiutils.min262e.js]
[mychart.orlandohealth.com/MyChart/context/webserversettings36bd]
[mychart.orlandohealth.com/MyChart/mnemonics35eb]
[mychart.orlandohealth.com/MyChart/rulestring/strings8cc0]
[mychart.orlandohealth.com/MyChart/passwordreset3fd1.html]
[mychart.orlandohealth.com/MyChart/localization/formats2c09]
[mychart.orlandohealth.com/MyChart/scripts/wp.fdiutils.min0aa3.js]
[mychart.orlandohealth.com/MyChart/context/webserversettings14bf]
[mychart.orlandohealth.com/MyChart/mnemonics9f19]
[mychart.orlandohealth.com/MyChart/rulestring/strings6626]
[mychart.orlandohealth.com/MyChart/passwordreset5079.html]
[mychart.orlandohealth.com/MyChart/localization/formats1685]
[mychart.orlandohealth.com/MyChart/scripts/wp.fdiutils.mina52a.js]
[mychart.orlandohealth.com/MyChart/context/webserversettings3cb6]
[mychart.orlandohealth.com/MyChart/mnemonicsa967]
[mychart.orlandohealth.com/MyChart/rulestring/strings0ec0]
[mychart.orlandohealth.com/MyChart/passwordresetc478.html]
[mychart.orlandohealth.com/MyChart/localization/formats1feb]
[mychart.orlandohealth.com/MyChart/scripts/wp.fdiutils.mina132.js]
[mychart.orlandohealth.com/MyChart/context/webserversettings1586]
[mychart.orlandohealth.com/MyChart/mnemonics14cc]
[mychart.orlandohealth.com/MyChart/rulestring/stringsd60a]
[mychart.orlandohealth.com/MyChart/passwordreset9a59.html]
[mychart.orlandohealth.com/MyChart/localization/formats11c2]
[mychart.orlandohealth.com/MyChart/scripts/wp.fdiutils.min3dcf.js]
[mychart.orlandohealth.com/MyChart/context/webserversettingsac1e]
[mychart.orlandohealth.com/MyChart/mnemonicsb222]
[mychart.orlandohealth.com/MyChart/rulestring/strings5c05]
[mychart.orlandohealth.com/MyChart/passwordresetc352.html]
[mychart.orlandohealth.com/MyChart/localization/formats15bb]
[mychart.orlandohealth.com/MyChart/scripts/wp.fdiutils.min0147.js]
[mychart.orlandohealth.com/MyChart/context/webserversettings26dd]
[mychart.orlandohealth.com/MyChart/mnemonicse15c]
[mychart.orlandohealth.com/MyChart/rulestring/strings8112]
[mychart.orlandohealth.com/MyChart/passwordresetc992.html]
[mychart.orlandohealth.com/MyChart/localization/formats7f36]
[mychart.orlandohealth.com/MyChart/scripts/wp.fdiutils.mincccb.js]
[mychart.orlandohealth.com/MyChart/context/webserversettingsd416]
[mychart.orlandohealth.com/MyChart/mnemonics470f]
[mychart.orlandohealth.com/MyChart/rulestring/stringscf9c]
[mychart.orlandohealth.com/MyChart/passwordreset1a3e.html]
[mychart.orlandohealth.com/MyChart/localization/formatse2f4]
[mychart.orlandohealth.com/MyChart/scripts/wp.fdiutils.mindf60.js]
[mychart.orlandohealth.com/MyChart/context/webserversettings7664]
[mychart.orlandohealth.com/MyChart/mnemonics2b07]
[mychart.orlandohealth.com/MyChart/rulestring/stringsdeb2]
[mychart.orlandohealth.com/MyChart/passwordreset5a90.html]
[mychart.orlandohealth.com/MyChart/localization/formatsd36c]
[mychart.orlandohealth.com/MyChart/scripts/wp.fdiutils.min3f77.js]
[mychart.orlandohealth.com/MyChart/context/webserversettings49cc]
[mychart.orlandohealth.com/MyChart/mnemonicsfbfe]
[mychart.orlandohealth.com/MyChart/rulestring/stringsf6f1]
[mychart.orlandohealth.com/MyChart/passwordresetf1b2.html]
[mychart.orlandohealth.com/MyChart/localization/formats631d]
[mychart.orlandohealth.com/MyChart/scripts/wp.fdiutils.mindd7c.js]
[mychart.orlandohealth.com/MyChart/context/webserversettingsba38]
[mychart.orlandohealth.com/MyChart/mnemonicse51a]
[mychart.orlandohealth.com/MyChart/rulestring/strings4e86]
[mychart.orlandohealth.com/MyChart/passwordreset7137.html]
[mychart.orlandohealth.com/MyChart/localization/formatsf94e]
[mychart.orlandohealth.com/MyChart/scripts/wp.fdiutils.minc246.js]
[mychart.orlandohealth.com/MyChart/context/webserversettings6117]
[mychart.orlandohealth.com/MyChart/mnemonics066b]
[mychart.orlandohealth.com/MyChart/rulestring/strings2e97]
[mychart.orlandohealth.com/MyChart/passwordreseta2e4.html]
[mychart.orlandohealth.com/MyChart/localization/formats0c9a]
[mychart.orlandohealth.com/MyChart/scripts/wp.fdiutils.mine6c8.js]
[mychart.orlandohealth.com/MyChart/context/webserversettings8ed4]
[mychart.orlandohealth.com/MyChart/mnemonics4ee1]
[mychart.orlandohealth.com/MyChart/rulestring/strings34fb]
[mychart.orlandohealth.com/MyChart/passwordresetb1c2.html]
[mychart.orlandohealth.com/MyChart/localization/formats8047]
[mychart.orlandohealth.com/MyChart/scripts/wp.fdiutils.minbd85.js]
[mychart.orlandohealth.com/MyChart/context/webserversettingsdaae]
[mychart.orlandohealth.com/MyChart/mnemonicsc8e2]
[mychart.orlandohealth.com/MyChart/rulestring/strings54e9]
[mychart.orlandohealth.com/MyChart/passwordreset334d.html]
[mychart.orlandohealth.com/MyChart/localization/formatsde50]
[mychart.orlandohealth.com/MyChart/scripts/wp.fdiutils.mincbb9.js]
[mychart.orlandohealth.com/MyChart/context/webserversettingsc88b]
[mychart.orlandohealth.com/MyChart/mnemonicsd691]
[mychart.orlandohealth.com/MyChart/rulestring/stringsc6a3]
[mychart.orlandohealth.com/MyChart/passwordresete667.html]
[mychart.orlandohealth.com/MyChart/localization/formatseb0f]
[mychart.orlandohealth.com/MyChart/scripts/wp.fdiutils.min32f0.js]
[mychart.orlandohealth.com/MyChart/context/webserversettingse788]
[mychart.orlandohealth.com/MyChart/mnemonics68b6]
[mychart.orlandohealth.com/MyChart/rulestring/strings3cb8]
[mychart.orlandohealth.com/MyChart/passwordresetdde5.html]
[mychart.orlandohealth.com/MyChart/localization/formats0d51]
[mychart.orlandohealth.com/MyChart/scripts/wp.fdiutils.min7551.js]
[mychart.orlandohealth.com/MyChart/context/webserversettingsc221]
[mychart.orlandohealth.com/MyChart/mnemonics7095]
[mychart.orlandohealth.com/MyChart/rulestring/stringsa3f5]
[mychart.orlandohealth.com/MyChart/passwordreset15f6.html]
[mychart.orlandohealth.com/MyChart/localization/formatsd648]
[mychart.orlandohealth.com/MyChart/scripts/wp.fdiutils.min82c8.js]
[mychart.orlandohealth.com/MyChart/context/webserversettings9230]
[mychart.orlandohealth.com/MyChart/mnemonicsdbc6]
[mychart.orlandohealth.com/MyChart/rulestring/stringsa909]
[mychart.orlandohealth.com/MyChart/passwordreset467b.html]
[mychart.orlandohealth.com/MyChart/localization/formatse532]
[mychart.orlandohealth.com/MyChart/scripts/wp.fdiutils.min4af4.js]
[mychart.orlandohealth.com/MyChart/context/webserversettingsc66e]
[mychart.orlandohealth.com/MyChart/mnemonics6983]
[mychart.orlandohealth.com/MyChart/rulestring/strings07fc]
[mychart.orlandohealth.com/MyChart/passwordresetec9a.html]
[mychart.orlandohealth.com/MyChart/localization/formatse351]
[mychart.orlandohealth.com/MyChart/scripts/wp.fdiutils.min75d8.js]
[mychart.orlandohealth.com/MyChart/context/webserversettings08c4]
[mychart.orlandohealth.com/MyChart/mnemonics6bd0]
[mychart.orlandohealth.com/MyChart/rulestring/strings4842]
[mychart.orlandohealth.com/MyChart/passwordresete944.html]
[mychart.orlandohealth.com/MyChart/localization/formats5011]
[mychart.orlandohealth.com/MyChart/scripts/wp.fdiutils.minb534.js]
[mychart.orlandohealth.com/MyChart/context/webserversettings77ec]
[mychart.orlandohealth.com/MyChart/mnemonics8d70]
[mychart.orlandohealth.com/MyChart/rulestring/stringsd8d0]
[mychart.orlandohealth.com/MyChart/passwordreset780d.html]
[mychart.orlandohealth.com/MyChart/localization/formats1f58]
[mychart.orlandohealth.com/MyChart/scripts/wp.fdiutils.min2a19.js]
[mychart.orlandohealth.com/MyChart/context/webserversettings43ae]
[mychart.orlandohealth.com/MyChart/mnemonicsf9ad]
[mychart.orlandohealth.com/MyChart/rulestring/strings07d0]
[mychart.orlandohealth.com/MyChart/passwordreset1974.html]
[mychart.orlandohealth.com/MyChart/localization/formats79a8]
[mychart.orlandohealth.com/MyChart/scripts/wp.fdiutils.min54cd.js]
[mychart.orlandohealth.com/MyChart/context/webserversettingsbea6]
[mychart.orlandohealth.com/MyChart/mnemonicsd6b5]
[mychart.orlandohealth.com/MyChart/rulestring/stringsd02d]
[mychart.orlandohealth.com/MyChart/passwordreset50a5.html]
[mychart.orlandohealth.com/MyChart/localization/formats6e23]
[mychart.orlandohealth.com/MyChart/scripts/wp.fdiutils.mine315.js]
[mychart.orlandohealth.com/MyChart/context/webserversettingsb2ec]
[mychart.orlandohealth.com/MyChart/mnemonics7353]
[mychart.orlandohealth.com/MyChart/rulestring/stringsc639]
[mychart.orlandohealth.com/MyChart/passwordresetcbf2.html]
[mychart.orlandohealth.com/MyChart/localization/formatsf9c0]
[mychart.orlandohealth.com/MyChart/scripts/wp.fdiutils.min023d.js]
[mychart.orlandohealth.com/MyChart/context/webserversettingse274]
[mychart.orlandohealth.com/MyChart/mnemonics384d]
[mychart.orlandohealth.com/MyChart/rulestring/stringsb890]
[mychart.orlandohealth.com/MyChart/passwordreset6270.html]
[mychart.orlandohealth.com/MyChart/localization/formatsf3b7]
[mychart.orlandohealth.com/MyChart/scripts/wp.fdiutils.min0991.js]
[mychart.orlandohealth.com/MyChart/context/webserversettings03e7]
[mychart.orlandohealth.com/MyChart/mnemonics20df]
[mychart.orlandohealth.com/MyChart/rulestring/stringscb55]
[mychart.orlandohealth.com/MyChart/passwordreset1062.html]
[mychart.orlandohealth.com/MyChart/localization/formats2b7f]
[mychart.orlandohealth.com/MyChart/scripts/wp.fdiutils.minfcf8.js]
[mychart.orlandohealth.com/MyChart/context/webserversettings9916]
[mychart.orlandohealth.com/MyChart/mnemonicsca91]
[mychart.orlandohealth.com/MyChart/rulestring/stringsee43]
[mychart.orlandohealth.com/MyChart/passwordresetf4c0.html]
[mychart.orlandohealth.com/MyChart/localization/formats47f2]
[mychart.orlandohealth.com/MyChart/scripts/wp.fdiutils.min1633.js]
[mychart.orlandohealth.com/MyChart/context/webserversettings4c81]
[mychart.orlandohealth.com/MyChart/mnemonicsae59]
[mychart.orlandohealth.com/MyChart/rulestring/stringsab5a]
[mychart.orlandohealth.com/MyChart/passwordreset58ba.html]
[mychart.orlandohealth.com/MyChart/localization/formats6d6a]
[mychart.orlandohealth.com/MyChart/scripts/wp.fdiutils.minbaa7.js]
[mychart.orlandohealth.com/MyChart/context/webserversettings4810]
[mychart.orlandohealth.com/MyChart/mnemonics6dca]
[mychart.orlandohealth.com/MyChart/rulestring/strings4152]
[mychart.orlandohealth.com/MyChart/passwordreset188c.html]
[mychart.orlandohealth.com/MyChart/localization/formatsff3b]
[mychart.orlandohealth.com/MyChart/scripts/wp.fdiutils.minc405.js]
[mychart.orlandohealth.com/MyChart/context/webserversettings905b]
[mychart.orlandohealth.com/MyChart/mnemonicsc60a]
[mychart.orlandohealth.com/MyChart/rulestring/strings1a6a]
[mychart.orlandohealth.com/MyChart/passwordreset2c19.html]
[mychart.orlandohealth.com/MyChart/localization/formatsfbfb]
[mychart.orlandohealth.com/MyChart/scripts/wp.fdiutils.minb2da.js]
[mychart.orlandohealth.com/MyChart/context/webserversettings424c]
[mychart.orlandohealth.com/MyChart/mnemonics3fe3]
[mychart.orlandohealth.com/MyChart/rulestring/strings3707]
[mychart.orlandohealth.com/MyChart/passwordreset9de9.html]
[mychart.orlandohealth.com/MyChart/localization/formatsceb5]
[mychart.orlandohealth.com/MyChart/scripts/wp.fdiutils.min3568.js]
[mychart.orlandohealth.com/MyChart/context/webserversettings4d55]
[mychart.orlandohealth.com/MyChart/mnemonicsbff2]
[mychart.orlandohealth.com/MyChart/rulestring/strings6697]
[mychart.orlandohealth.com/MyChart/passwordreset70b9.html]
[mychart.orlandohealth.com/MyChart/localization/formats4ff8]
[mychart.orlandohealth.com/MyChart/scripts/wp.fdiutils.min6e88.js]
[mychart.orlandohealth.com/MyChart/context/webserversettingsa15a]
[mychart.orlandohealth.com/MyChart/mnemonics0b4b]
[mychart.orlandohealth.com/MyChart/rulestring/strings744d]
[mychart.orlandohealth.com/MyChart/passwordreset7458.html]
[mychart.orlandohealth.com/MyChart/localization/formats7562]
[mychart.orlandohealth.com/MyChart/scripts/wp.fdiutils.mina759.js]
[mychart.orlandohealth.com/MyChart/context/webserversettings5233]
[mychart.orlandohealth.com/MyChart/mnemonics9de8]
[mychart.orlandohealth.com/MyChart/rulestring/stringscdfc]
[mychart.orlandohealth.com/MyChart/passwordreset89d8.html]
[mychart.orlandohealth.com/MyChart/localization/formats2a70]
[mychart.orlandohealth.com/MyChart/scripts/wp.fdiutils.min5074.js]
[mychart.orlandohealth.com/MyChart/context/webserversettings444b]
[mychart.orlandohealth.com/MyChart/mnemonics946f]
[mychart.orlandohealth.com/MyChart/rulestring/stringsa079]
[mychart.orlandohealth.com/MyChart/passwordreset1324.html]
[mychart.orlandohealth.com/MyChart/localization/formats4449]
[mychart.orlandohealth.com/MyChart/scripts/wp.fdiutils.mince4c.js]
[mychart.orlandohealth.com/MyChart/context/webserversettings20d0]
[mychart.orlandohealth.com/MyChart/mnemonics0780]
[mychart.orlandohealth.com/MyChart/rulestring/strings12bb]
[mychart.orlandohealth.com/MyChart/passwordreset03e4.html]
[mychart.orlandohealth.com/MyChart/localization/formats68de]
[mychart.orlandohealth.com/MyChart/scripts/wp.fdiutils.min9711.js]
[mychart.orlandohealth.com/MyChart/context/webserversettings172d]
[mychart.orlandohealth.com/MyChart/mnemonics8bc3]
[mychart.orlandohealth.com/MyChart/rulestring/stringsa962]
[mychart.orlandohealth.com/MyChart/passwordreset2a36.html]
[mychart.orlandohealth.com/MyChart/localization/formats3663]
[mychart.orlandohealth.com/MyChart/scripts/wp.fdiutils.minff07.js]
[mychart.orlandohealth.com/MyChart/context/webserversettings8c92]
[mychart.orlandohealth.com/MyChart/mnemonicscc97]
[mychart.orlandohealth.com/MyChart/rulestring/stringsb2c2]
[mychart.orlandohealth.com/MyChart/passwordreset8ca0.html]
[mychart.orlandohealth.com/MyChart/localization/formats6d5f]
[mychart.orlandohealth.com/MyChart/scripts/wp.fdiutils.minc118.js]
[mychart.orlandohealth.com/MyChart/context/webserversettings0667]
[mychart.orlandohealth.com/MyChart/mnemonics9c1f]
[mychart.orlandohealth.com/MyChart/rulestring/stringsc2bf]
[mychart.orlandohealth.com/MyChart/passwordresetca8f.html]
[mychart.orlandohealth.com/MyChart/localization/formatsc4c0]
[mychart.orlandohealth.com/MyChart/scripts/wp.fdiutils.min7e21.js]
[mychart.orlandohealth.com/MyChart/context/webserversettings0f7d]
[mychart.orlandohealth.com/MyChart/mnemonics1a51]
[mychart.orlandohealth.com/MyChart/rulestring/stringsfb05]
[mychart.orlandohealth.com/MyChart/passwordresetb5f7.html]
[mychart.orlandohealth.com/MyChart/localization/formatscada]
[mychart.orlandohealth.com/MyChart/scripts/wp.fdiutils.min3cb4.js]
[mychart.orlandohealth.com/MyChart/context/webserversettings7630]
[mychart.orlandohealth.com/MyChart/mnemonics3bd9]
[mychart.orlandohealth.com/MyChart/rulestring/stringsfdba]
[mychart.orlandohealth.com/MyChart/passwordresetd695.html]
[mychart.orlandohealth.com/MyChart/localization/formats02fe]
[mychart.orlandohealth.com/MyChart/scripts/wp.fdiutils.minfa7d.js]
[mychart.orlandohealth.com/MyChart/context/webserversettings2a12]
[mychart.orlandohealth.com/MyChart/mnemonics2845]
[mychart.orlandohealth.com/MyChart/rulestring/stringsb0e8]
[mychart.orlandohealth.com/MyChart/passwordreset13e3.html]
[mychart.orlandohealth.com/MyChart/localization/formatsf91f]
[mychart.orlandohealth.com/MyChart/scripts/wp.fdiutils.minf9a9.js]
[mychart.orlandohealth.com/MyChart/context/webserversettings7cbb]
[mychart.orlandohealth.com/MyChart/mnemonicsbf4b]
[mychart.orlandohealth.com/MyChart/rulestring/strings14a7]
[mychart.orlandohealth.com/MyChart/passwordreset508f.html]
[mychart.orlandohealth.com/MyChart/localization/formats4774]
[mychart.orlandohealth.com/MyChart/scripts/wp.fdiutils.min2177.js]
[mychart.orlandohealth.com/MyChart/context/webserversettings43cb]
[mychart.orlandohealth.com/MyChart/mnemonics4afe]
[mychart.orlandohealth.com/MyChart/rulestring/stringsad86]
[mychart.orlandohealth.com/MyChart/passwordresetef5d.html]
[mychart.orlandohealth.com/MyChart/localization/formats2eda]
[mychart.orlandohealth.com/MyChart/scripts/wp.fdiutils.min81ff.js]
[mychart.orlandohealth.com/MyChart/context/webserversettingsb861]
[mychart.orlandohealth.com/MyChart/mnemonics247c]
[mychart.orlandohealth.com/MyChart/rulestring/strings7e48]
[mychart.orlandohealth.com/MyChart/passwordreset868e.html]
[mychart.orlandohealth.com/MyChart/localization/formatsb144]
[mychart.orlandohealth.com/MyChart/scripts/wp.fdiutils.min5ab6.js]
[mychart.orlandohealth.com/MyChart/context/webserversettingsbe3a]
[mychart.orlandohealth.com/MyChart/mnemonics6041]
[mychart.orlandohealth.com/MyChart/rulestring/stringsa61a]
[mychart.orlandohealth.com/MyChart/passwordreset21b0.html]
[mychart.orlandohealth.com/MyChart/localization/formats79fb]
[mychart.orlandohealth.com/MyChart/scripts/wp.fdiutils.min18b2.js]
[mychart.orlandohealth.com/MyChart/context/webserversettingsd856]
[mychart.orlandohealth.com/MyChart/mnemonicsc4d0]
[mychart.orlandohealth.com/MyChart/rulestring/stringsaa27]
[mychart.orlandohealth.com/MyChart/passwordreset1691.html]
[mychart.orlandohealth.com/MyChart/localization/formats6bab]
[mychart.orlandohealth.com/MyChart/scripts/wp.fdiutils.mine49c.js]
[mychart.orlandohealth.com/MyChart/context/webserversettings3515]
[mychart.orlandohealth.com/MyChart/mnemonics6c34]
[mychart.orlandohealth.com/MyChart/rulestring/stringsd5ac]
[mychart.orlandohealth.com/MyChart/passwordreset4c1d.html]
[mychart.orlandohealth.com/MyChart/localization/formatsf239]
[mychart.orlandohealth.com/MyChart/scripts/wp.fdiutils.mind702.js]
[mychart.orlandohealth.com/MyChart/context/webserversettingsbe5a]
[mychart.orlandohealth.com/MyChart/mnemonicscfa3]
[mychart.orlandohealth.com/MyChart/rulestring/strings6472]
[mychart.orlandohealth.com/MyChart/passwordreset1ebb.html]
[mychart.orlandohealth.com/MyChart/localization/formats19cd]
[mychart.orlandohealth.com/MyChart/scripts/wp.fdiutils.min39d1.js]
[mychart.orlandohealth.com/MyChart/context/webserversettingsb604]
[mychart.orlandohealth.com/MyChart/mnemonicsc015]
[mychart.orlandohealth.com/MyChart/rulestring/strings2eaf]
[mychart.orlandohealth.com/MyChart/passwordresete9d4.html]
[mychart.orlandohealth.com/MyChart/localization/formats9c26]
[mychart.orlandohealth.com/MyChart/scripts/wp.fdiutils.mind7f6.js]
[mychart.orlandohealth.com/MyChart/context/webserversettings3889]
[mychart.orlandohealth.com/MyChart/mnemonics3b54]
[mychart.orlandohealth.com/MyChart/rulestring/strings6024]
[mychart.orlandohealth.com/MyChart/passwordreset6e2e.html]
[mychart.orlandohealth.com/MyChart/localization/formats91fd]
[mychart.orlandohealth.com/MyChart/scripts/wp.fdiutils.min62c9.js]
[mychart.orlandohealth.com/MyChart/context/webserversettings96bd]
[mychart.orlandohealth.com/MyChart/mnemonics4052]
[mychart.orlandohealth.com/MyChart/rulestring/strings5022]
[mychart.orlandohealth.com/MyChart/passwordreset8676.html]
[mychart.orlandohealth.com/MyChart/localization/formats988c]
[mychart.orlandohealth.com/MyChart/scripts/wp.fdiutils.min7622.js]
[mychart.orlandohealth.com/MyChart/context/webserversettings8d0a]
[mychart.orlandohealth.com/MyChart/mnemonics0fa1]
[mychart.orlandohealth.com/MyChart/rulestring/strings1db7]
[mychart.orlandohealth.com/MyChart/passwordreset85fd.html]
[mychart.orlandohealth.com/MyChart/localization/formats9c23]
[mychart.orlandohealth.com/MyChart/scripts/wp.fdiutils.minf260.js]
[mychart.orlandohealth.com/MyChart/context/webserversettings6017]
[mychart.orlandohealth.com/MyChart/mnemonics25ad]
[mychart.orlandohealth.com/MyChart/rulestring/strings5fda]
[mychart.orlandohealth.com/MyChart/passwordreset9d62.html]
[mychart.orlandohealth.com/MyChart/localization/formats0650]
[mychart.orlandohealth.com/MyChart/scripts/wp.fdiutils.min70bd.js]
[mychart.orlandohealth.com/MyChart/context/webserversettings6245]
[mychart.orlandohealth.com/MyChart/mnemonics7061]
[mychart.orlandohealth.com/MyChart/rulestring/strings0914]
[mychart.orlandohealth.com/MyChart/passwordreset7bd8.html]
[mychart.orlandohealth.com/MyChart/localization/formatsa8a4]
[mychart.orlandohealth.com/MyChart/scripts/wp.fdiutils.minae9d.js]
[mychart.orlandohealth.com/MyChart/context/webserversettings42e1]
[mychart.orlandohealth.com/MyChart/mnemonicse08c]
[mychart.orlandohealth.com/MyChart/rulestring/stringsfcb3]
[mychart.orlandohealth.com/MyChart/passwordreset9304.html]
[mychart.orlandohealth.com/MyChart/localization/formatsc06f]
[mychart.orlandohealth.com/MyChart/scripts/wp.fdiutils.min623d.js]
[mychart.orlandohealth.com/MyChart/context/webserversettings2001]
[mychart.orlandohealth.com/MyChart/mnemonics54e3]
[mychart.orlandohealth.com/MyChart/rulestring/stringsd540]
[mychart.orlandohealth.com/MyChart/passwordresetd10b.html]
[mychart.orlandohealth.com/MyChart/localization/formats4bf2]
[mychart.orlandohealth.com/MyChart/scripts/wp.fdiutils.minbd23.js]
[mychart.orlandohealth.com/MyChart/context/webserversettings1460]
[mychart.orlandohealth.com/MyChart/mnemonics1aa6]
[mychart.orlandohealth.com/MyChart/rulestring/stringsdf4a]
[mychart.orlandohealth.com/MyChart/passwordresetc13b.html]
[mychart.orlandohealth.com/MyChart/localization/formatsac92]
[mychart.orlandohealth.com/MyChart/scripts/wp.fdiutils.minf714.js]
[mychart.orlandohealth.com/MyChart/context/webserversettings8bb5]
[mychart.orlandohealth.com/MyChart/mnemonics4bd0]
[mychart.orlandohealth.com/MyChart/rulestring/stringsfc9c]
[mychart.orlandohealth.com/MyChart/passwordreset87eb.html]
[mychart.orlandohealth.com/MyChart/localization/formats4b22]
[mychart.orlandohealth.com/MyChart/scripts/wp.fdiutils.min5a9c.js]
[mychart.orlandohealth.com/MyChart/context/webserversettings3371]
[mychart.orlandohealth.com/MyChart/mnemonicsc6cf]
[mychart.orlandohealth.com/MyChart/rulestring/strings8a52]
[mychart.orlandohealth.com/MyChart/passwordreset0c4f.html]
[mychart.orlandohealth.com/MyChart/localization/formatsb303]
[mychart.orlandohealth.com/MyChart/scripts/wp.fdiutils.min46fd.js]
[mychart.orlandohealth.com/MyChart/context/webserversettings5aab]
[mychart.orlandohealth.com/MyChart/mnemonics294f]
[mychart.orlandohealth.com/MyChart/rulestring/strings2a70]
[mychart.orlandohealth.com/MyChart/passwordreset2d4f.html]
[mychart.orlandohealth.com/MyChart/localization/formatsf459]
[mychart.orlandohealth.com/MyChart/scripts/wp.fdiutils.minc39c.js]
[mychart.orlandohealth.com/MyChart/context/webserversettingscf2a]
[mychart.orlandohealth.com/MyChart/mnemonics8c54]
[mychart.orlandohealth.com/MyChart/rulestring/strings7eeb]
[mychart.orlandohealth.com/MyChart/passwordresete5d2.html]
[mychart.orlandohealth.com/MyChart/localization/formats0696]
[mychart.orlandohealth.com/MyChart/scripts/wp.fdiutils.min5c1c.js]
[mychart.orlandohealth.com/MyChart/context/webserversettingsd7af]
[mychart.orlandohealth.com/MyChart/mnemonics859f]
[mychart.orlandohealth.com/MyChart/rulestring/stringsb285]
[mychart.orlandohealth.com/MyChart/passwordreseta5e9.html]
[mychart.orlandohealth.com/MyChart/localization/formatsc328]
[mychart.orlandohealth.com/MyChart/scripts/wp.fdiutils.minfe45.js]
[mychart.orlandohealth.com/MyChart/context/webserversettingsffdd]
[mychart.orlandohealth.com/MyChart/mnemonics057b]
[mychart.orlandohealth.com/MyChart/rulestring/strings4287]
[mychart.orlandohealth.com/MyChart/passwordreset817f.html]
[mychart.orlandohealth.com/MyChart/localization/formats8924]
[mychart.orlandohealth.com/MyChart/scripts/wp.fdiutils.mind7ea.js]
[mychart.orlandohealth.com/MyChart/context/webserversettingsb938]
[mychart.orlandohealth.com/MyChart/mnemonics1cf7]
[mychart.orlandohealth.com/MyChart/rulestring/strings2f04]
[mychart.orlandohealth.com/MyChart/passwordreset95e2.html]
[mychart.orlandohealth.com/MyChart/localization/formats9abd]
[mychart.orlandohealth.com/MyChart/scripts/wp.fdiutils.mind240.js]
[mychart.orlandohealth.com/MyChart/context/webserversettingsefee]
[mychart.orlandohealth.com/MyChart/mnemonics7631]
[mychart.orlandohealth.com/MyChart/rulestring/strings6e6d]
[mychart.orlandohealth.com/MyChart/passwordresete964.html]
[mychart.orlandohealth.com/MyChart/localization/formats70a7]
[mychart.orlandohealth.com/MyChart/scripts/wp.fdiutils.min10d7.js]
[mychart.orlandohealth.com/MyChart/context/webserversettingsab3d]
[mychart.orlandohealth.com/MyChart/mnemonicsd93f]
[mychart.orlandohealth.com/MyChart/rulestring/stringsac65]
[mychart.orlandohealth.com/MyChart/passwordreset5f6b.html]
[mychart.orlandohealth.com/MyChart/localization/formatscc2c]
[mychart.orlandohealth.com/MyChart/scripts/wp.fdiutils.minb5ac.js]
[mychart.orlandohealth.com/MyChart/context/webserversettingsb9d8]
[mychart.orlandohealth.com/MyChart/mnemonics4cbe]
[mychart.orlandohealth.com/MyChart/rulestring/strings9424]
[mychart.orlandohealth.com/MyChart/passwordreset2aae.html]
[mychart.orlandohealth.com/MyChart/localization/formatsea7d]
[mychart.orlandohealth.com/MyChart/scripts/wp.fdiutils.min4050.js]
[mychart.orlandohealth.com/MyChart/context/webserversettings8bd9]
[mychart.orlandohealth.com/MyChart/mnemonics72c8]
[mychart.orlandohealth.com/MyChart/rulestring/stringsedef]
[mychart.orlandohealth.com/MyChart/passwordresetf60e.html]
[mychart.orlandohealth.com/MyChart/localization/formatse9b0]
[mychart.orlandohealth.com/MyChart/scripts/wp.fdiutils.min9c39.js]
[mychart.orlandohealth.com/MyChart/context/webserversettings84a6]
[mychart.orlandohealth.com/MyChart/mnemonicsa229]
[mychart.orlandohealth.com/MyChart/rulestring/strings889b]
[mychart.orlandohealth.com/MyChart/passwordreset5f2f.html]
[mychart.orlandohealth.com/MyChart/localization/formatsf679]
[mychart.orlandohealth.com/MyChart/scripts/wp.fdiutils.minb760.js]
[mychart.orlandohealth.com/MyChart/context/webserversettings2030]
[mychart.orlandohealth.com/MyChart/mnemonicsd7b6]
[mychart.orlandohealth.com/MyChart/rulestring/stringsbf64]
[mychart.orlandohealth.com/MyChart/passwordresetf164.html]
[mychart.orlandohealth.com/MyChart/localization/formatsf057]
[mychart.orlandohealth.com/MyChart/scripts/wp.fdiutils.minb99d.js]
[mychart.orlandohealth.com/MyChart/context/webserversettingsaaac]
[mychart.orlandohealth.com/MyChart/mnemonics4d5a]
[mychart.orlandohealth.com/MyChart/rulestring/strings6a57]
[mychart.orlandohealth.com/MyChart/passwordreset1e47.html]
[mychart.orlandohealth.com/MyChart/localization/formatsdf88]
[mychart.orlandohealth.com/MyChart/scripts/wp.fdiutils.min7338.js]
[mychart.orlandohealth.com/MyChart/context/webserversettings6dc1]
[mychart.orlandohealth.com/MyChart/mnemonics8f6f]
[mychart.orlandohealth.com/MyChart/rulestring/strings71e9]
[mychart.orlandohealth.com/MyChart/passwordreset7934.html]
[mychart.orlandohealth.com/MyChart/localization/formatsa18f]
[mychart.orlandohealth.com/MyChart/scripts/wp.fdiutils.minf103.js]
[mychart.orlandohealth.com/MyChart/context/webserversettings206e]
[mychart.orlandohealth.com/MyChart/mnemonics4094]
[mychart.orlandohealth.com/MyChart/rulestring/strings613e]
[mychart.orlandohealth.com/MyChart/passwordreset4a14.html]
[mychart.orlandohealth.com/MyChart/localization/formatsad2e]
[mychart.orlandohealth.com/MyChart/scripts/wp.fdiutils.min6621.js]
[mychart.orlandohealth.com/MyChart/context/webserversettings1bcb]
[mychart.orlandohealth.com/MyChart/mnemonics5c20]
[mychart.orlandohealth.com/MyChart/rulestring/strings2907]
[mychart.orlandohealth.com/MyChart/passwordresetff38.html]
[mychart.orlandohealth.com/MyChart/localization/formats7e74]
[mychart.orlandohealth.com/MyChart/scripts/wp.fdiutils.min4cd7.js]
[mychart.orlandohealth.com/MyChart/context/webserversettings929a]
[mychart.orlandohealth.com/MyChart/mnemonics4d0c]
[mychart.orlandohealth.com/MyChart/rulestring/stringse527]
[mychart.orlandohealth.com/MyChart/passwordreset3e7e.html]
[mychart.orlandohealth.com/MyChart/localization/formatsb245]
[mychart.orlandohealth.com/MyChart/scripts/wp.fdiutils.min1b75.js]
[mychart.orlandohealth.com/MyChart/context/webserversettings5195]
[mychart.orlandohealth.com/MyChart/mnemonics1ff5]
[mychart.orlandohealth.com/MyChart/rulestring/stringsf00c]
[mychart.orlandohealth.com/MyChart/passwordreset2d0f.html]
[mychart.orlandohealth.com/MyChart/localization/formats6bd6]
[mychart.orlandohealth.com/MyChart/scripts/wp.fdiutils.min3968.js]
[mychart.orlandohealth.com/MyChart/context/webserversettings199d]
[mychart.orlandohealth.com/MyChart/mnemonicsaaa6]
[mychart.orlandohealth.com/MyChart/rulestring/strings852b]
[mychart.orlandohealth.com/MyChart/passwordreset2b05.html]
[mychart.orlandohealth.com/MyChart/localization/formats82a4]
[mychart.orlandohealth.com/MyChart/scripts/wp.fdiutils.min0451.js]
[mychart.orlandohealth.com/MyChart/context/webserversettingsac0c]
[mychart.orlandohealth.com/MyChart/mnemonics78bd]
[mychart.orlandohealth.com/MyChart/rulestring/strings2303]
[mychart.orlandohealth.com/MyChart/passwordreseta74c.html]
[mychart.orlandohealth.com/MyChart/localization/formats683a]
[mychart.orlandohealth.com/MyChart/scripts/wp.fdiutils.min152a.js]
[mychart.orlandohealth.com/MyChart/context/webserversettings0d0a]
[mychart.orlandohealth.com/MyChart/mnemonicsa68b]
[mychart.orlandohealth.com/MyChart/rulestring/strings1f72]
[mychart.orlandohealth.com/MyChart/passwordreset0f7f.html]
[mychart.orlandohealth.com/MyChart/localization/formatsdc11]
[mychart.orlandohealth.com/MyChart/scripts/wp.fdiutils.min0864.js]
[mychart.orlandohealth.com/MyChart/context/webserversettings4e76]
[mychart.orlandohealth.com/MyChart/mnemonics6244]
[mychart.orlandohealth.com/MyChart/rulestring/strings35dc]
[mychart.orlandohealth.com/MyChart/passwordresetc240.html]
[mychart.orlandohealth.com/MyChart/localization/formats6965]
[mychart.orlandohealth.com/MyChart/scripts/wp.fdiutils.min932a.js]
[mychart.orlandohealth.com/MyChart/context/webserversettings6a61]
[mychart.orlandohealth.com/MyChart/mnemonicsf518]
[mychart.orlandohealth.com/MyChart/rulestring/stringsba58]
[mychart.orlandohealth.com/MyChart/passwordreseta990.html]
[mychart.orlandohealth.com/MyChart/localization/formats0a63]
[mychart.orlandohealth.com/MyChart/scripts/wp.fdiutils.mind52a.js]
[mychart.orlandohealth.com/MyChart/context/webserversettings7485]
[mychart.orlandohealth.com/MyChart/mnemonics116f]
[mychart.orlandohealth.com/MyChart/rulestring/stringsf251]
[mychart.orlandohealth.com/MyChart/passwordresetf7a8.html]
[mychart.orlandohealth.com/MyChart/localization/formats73bc]
[mychart.orlandohealth.com/MyChart/scripts/wp.fdiutils.minbd28.js]
[mychart.orlandohealth.com/MyChart/context/webserversettingsa0b2]
[mychart.orlandohealth.com/MyChart/mnemonicsca78]
[mychart.orlandohealth.com/MyChart/rulestring/stringse5c0]
[mychart.orlandohealth.com/MyChart/passwordresetbb2f.html]
[mychart.orlandohealth.com/MyChart/localization/formatsf005]
[mychart.orlandohealth.com/MyChart/scripts/wp.fdiutils.mina41a.js]
[mychart.orlandohealth.com/MyChart/context/webserversettings6bde]
[mychart.orlandohealth.com/MyChart/mnemonics2bca]
[mychart.orlandohealth.com/MyChart/rulestring/strings6f2b]
[mychart.orlandohealth.com/MyChart/passwordreset3da2.html]
[mychart.orlandohealth.com/MyChart/localization/formatsd0c8]
[mychart.orlandohealth.com/MyChart/scripts/wp.fdiutils.min7b65.js]
[mychart.orlandohealth.com/MyChart/context/webserversettings77ce]
[mychart.orlandohealth.com/MyChart/mnemonics6639]
[mychart.orlandohealth.com/MyChart/rulestring/strings7a4b]
[mychart.orlandohealth.com/MyChart/passwordreset805a.html]
[mychart.orlandohealth.com/MyChart/localization/formats7707]
[mychart.orlandohealth.com/MyChart/scripts/wp.fdiutils.min0dc1.js]
[mychart.orlandohealth.com/MyChart/context/webserversettings51d4]
[mychart.orlandohealth.com/MyChart/mnemonics77b8]
[mychart.orlandohealth.com/MyChart/rulestring/strings475f]
[mychart.orlandohealth.com/MyChart/passwordreset8c7a.html]
[mychart.orlandohealth.com/MyChart/localization/formats1ec6]
[mychart.orlandohealth.com/MyChart/scripts/wp.fdiutils.minc962.js]
[mychart.orlandohealth.com/MyChart/context/webserversettings59b5]
[mychart.orlandohealth.com/MyChart/mnemonics5e4a]
[mychart.orlandohealth.com/MyChart/rulestring/strings9b07]
[mychart.orlandohealth.com/MyChart/passwordresetf6a8.html]
[mychart.orlandohealth.com/MyChart/localization/formats238d]
[mychart.orlandohealth.com/MyChart/scripts/wp.fdiutils.minf42d.js]
[mychart.orlandohealth.com/MyChart/context/webserversettingsfbaf]
[mychart.orlandohealth.com/MyChart/mnemonics75f7]
[mychart.orlandohealth.com/MyChart/rulestring/strings3fb9]
[mychart.orlandohealth.com/MyChart/passwordreset381d.html]
[mychart.orlandohealth.com/MyChart/localization/formats5ba6]
[mychart.orlandohealth.com/MyChart/scripts/wp.fdiutils.min71c1.js]
[mychart.orlandohealth.com/MyChart/context/webserversettingsa9e3]
[mychart.orlandohealth.com/MyChart/mnemonics58a1]
[mychart.orlandohealth.com/MyChart/rulestring/strings9edf]
[mychart.orlandohealth.com/MyChart/passwordreset906f.html]
[mychart.orlandohealth.com/MyChart/localization/formats3b9c]
[mychart.orlandohealth.com/MyChart/scripts/wp.fdiutils.min77d8.js]
[mychart.orlandohealth.com/MyChart/context/webserversettingsd0ec]
[mychart.orlandohealth.com/MyChart/mnemonicsb078]
[mychart.orlandohealth.com/MyChart/rulestring/strings1fd4]
[mychart.orlandohealth.com/MyChart/passwordreset5e95.html]
[mychart.orlandohealth.com/MyChart/localization/formatscb10]
[mychart.orlandohealth.com/MyChart/scripts/wp.fdiutils.minf217.js]
[mychart.orlandohealth.com/MyChart/context/webserversettings7d91]
[mychart.orlandohealth.com/MyChart/mnemonicsb389]
[mychart.orlandohealth.com/MyChart/rulestring/strings9c70]
[mychart.orlandohealth.com/MyChart/passwordreseta515.html]
[mychart.orlandohealth.com/MyChart/localization/formats5a10]
[mychart.orlandohealth.com/MyChart/scripts/wp.fdiutils.min304f.js]
[mychart.orlandohealth.com/MyChart/context/webserversettings6f1c]
[mychart.orlandohealth.com/MyChart/mnemonics9ea7]
[mychart.orlandohealth.com/MyChart/rulestring/strings2ca4]
[mychart.orlandohealth.com/MyChart/passwordreseta294.html]
[mychart.orlandohealth.com/MyChart/localization/formats546b]
[mychart.orlandohealth.com/MyChart/scripts/wp.fdiutils.min1b25.js]
[mychart.orlandohealth.com/MyChart/context/webserversettingsd7d2]
[mychart.orlandohealth.com/MyChart/mnemonics8d81]
[mychart.orlandohealth.com/MyChart/rulestring/strings171a]
[mychart.orlandohealth.com/MyChart/passwordreset3152.html]
[mychart.orlandohealth.com/MyChart/localization/formatsa0a4]
[mychart.orlandohealth.com/MyChart/scripts/wp.fdiutils.mindd78.js]
[mychart.orlandohealth.com/MyChart/context/webserversettings7f77]
[mychart.orlandohealth.com/MyChart/mnemonicsb9b3]
[mychart.orlandohealth.com/MyChart/rulestring/stringsb56c]
[mychart.orlandohealth.com/MyChart/passwordreset472b.html]
[mychart.orlandohealth.com/MyChart/localization/formats5192]
[mychart.orlandohealth.com/MyChart/scripts/wp.fdiutils.min6ad6.js]
[mychart.orlandohealth.com/MyChart/context/webserversettingsfd5e]
[mychart.orlandohealth.com/MyChart/mnemonics1568]
[mychart.orlandohealth.com/MyChart/rulestring/stringsd7b6]
[mychart.orlandohealth.com/MyChart/passwordreset5458.html]
[mychart.orlandohealth.com/MyChart/localization/formats0599]
[mychart.orlandohealth.com/MyChart/scripts/wp.fdiutils.min9967.js]
[mychart.orlandohealth.com/MyChart/context/webserversettings8478]
[mychart.orlandohealth.com/MyChart/mnemonicsdbd0]
[mychart.orlandohealth.com/MyChart/rulestring/stringsff86]
[mychart.orlandohealth.com/MyChart/passwordreset4686.html]
[mychart.orlandohealth.com/MyChart/localization/formats23b3]
[mychart.orlandohealth.com/MyChart/scripts/wp.fdiutils.min50bf.js]
[mychart.orlandohealth.com/MyChart/context/webserversettingsdcaf]
[mychart.orlandohealth.com/MyChart/mnemonics51e0]
[mychart.orlandohealth.com/MyChart/rulestring/strings7631]
[mychart.orlandohealth.com/MyChart/passwordreset1408.html]
[mychart.orlandohealth.com/MyChart/localization/formats64d8]
[mychart.orlandohealth.com/MyChart/scripts/wp.fdiutils.mindae0.js]
[mychart.orlandohealth.com/MyChart/context/webserversettingsf9cd]
[mychart.orlandohealth.com/MyChart/mnemonicse4bf]
[mychart.orlandohealth.com/MyChart/rulestring/stringsf0f1]
[mychart.orlandohealth.com/MyChart/passwordreset9760.html]
[mychart.orlandohealth.com/MyChart/localization/formats4ea1]
[mychart.orlandohealth.com/MyChart/scripts/wp.fdiutils.min69b8.js]
[mychart.orlandohealth.com/MyChart/context/webserversettings1916]
[mychart.orlandohealth.com/MyChart/mnemonics2abe]
[mychart.orlandohealth.com/MyChart/rulestring/strings2c70]
[mychart.orlandohealth.com/MyChart/passwordresetcf75.html]
[mychart.orlandohealth.com/MyChart/localization/formats526c]
[mychart.orlandohealth.com/MyChart/scripts/wp.fdiutils.min64ca.js]
[mychart.orlandohealth.com/MyChart/context/webserversettingsf525]
[mychart.orlandohealth.com/MyChart/mnemonicsa6e0]
[mychart.orlandohealth.com/MyChart/rulestring/stringsb18e]
[mychart.orlandohealth.com/MyChart/passwordreset7087.html]
[mychart.orlandohealth.com/MyChart/localization/formatsb8fd]
[mychart.orlandohealth.com/MyChart/scripts/wp.fdiutils.mind860.js]
[mychart.orlandohealth.com/MyChart/context/webserversettingsadf0]
[mychart.orlandohealth.com/MyChart/mnemonics1a10]
[mychart.orlandohealth.com/MyChart/rulestring/stringsf050]
[mychart.orlandohealth.com/MyChart/passwordresetf01a.html]
[mychart.orlandohealth.com/MyChart/localization/formats0e02]
[mychart.orlandohealth.com/MyChart/scripts/wp.fdiutils.minba26.js]
[mychart.orlandohealth.com/MyChart/context/webserversettings6e05]
[mychart.orlandohealth.com/MyChart/mnemonics3276]
[mychart.orlandohealth.com/MyChart/rulestring/strings73d2]
[mychart.orlandohealth.com/MyChart/passwordreset1745.html]
[mychart.orlandohealth.com/MyChart/localization/formatsac27]
[mychart.orlandohealth.com/MyChart/scripts/wp.fdiutils.min0f96.js]
[mychart.orlandohealth.com/MyChart/context/webserversettingsa1ef]
[mychart.orlandohealth.com/MyChart/mnemonicsa610]
[mychart.orlandohealth.com/MyChart/rulestring/stringsb507]
[mychart.orlandohealth.com/MyChart/passwordresetd646.html]
[mychart.orlandohealth.com/MyChart/localization/formats4adf]
[mychart.orlandohealth.com/MyChart/scripts/wp.fdiutils.minde17.js]
[mychart.orlandohealth.com/MyChart/context/webserversettings584a]
[mychart.orlandohealth.com/MyChart/mnemonics6289]
[mychart.orlandohealth.com/MyChart/rulestring/strings5049]
[mychart.orlandohealth.com/MyChart/passwordreset08d8.html]
[mychart.orlandohealth.com/MyChart/localization/formats2bab]
[mychart.orlandohealth.com/MyChart/scripts/wp.fdiutils.mincb48.js]
[mychart.orlandohealth.com/MyChart/context/webserversettings4080]
[mychart.orlandohealth.com/MyChart/mnemonics402a]
[mychart.orlandohealth.com/MyChart/rulestring/stringsd5d4]
[mychart.orlandohealth.com/MyChart/passwordreset7ecb.html]
[mychart.orlandohealth.com/MyChart/localization/formats9f5a]
[mychart.orlandohealth.com/MyChart/scripts/wp.fdiutils.min5606.js]
[mychart.orlandohealth.com/MyChart/context/webserversettingsbcec]
[mychart.orlandohealth.com/MyChart/mnemonicsefd6]
[mychart.orlandohealth.com/MyChart/rulestring/strings35b5]
[mychart.orlandohealth.com/MyChart/passwordresetac4e.html]
[mychart.orlandohealth.com/MyChart/localization/formats912a]
[mychart.orlandohealth.com/MyChart/scripts/wp.fdiutils.min1229.js]
[mychart.orlandohealth.com/MyChart/context/webserversettingseb5a]
[mychart.orlandohealth.com/MyChart/mnemonics4a90]
[mychart.orlandohealth.com/MyChart/rulestring/strings0bae]
[mychart.orlandohealth.com/MyChart/passwordreset3152-2.html]
[mychart.orlandohealth.com/MyChart/localization/formatsc26a]
[mychart.orlandohealth.com/MyChart/scripts/wp.fdiutils.min0a17.js]
[mychart.orlandohealth.com/MyChart/context/webserversettings194c]
[mychart.orlandohealth.com/MyChart/mnemonicsde34]
[mychart.orlandohealth.com/MyChart/rulestring/strings380f]
[mychart.orlandohealth.com/MyChart/passwordreset8cdf.html]
[mychart.orlandohealth.com/MyChart/localization/formats49ad]
[mychart.orlandohealth.com/MyChart/scripts/wp.fdiutils.min1526.js]
[mychart.orlandohealth.com/MyChart/context/webserversettings432f]
[mychart.orlandohealth.com/MyChart/mnemonicsea62]
[mychart.orlandohealth.com/MyChart/rulestring/strings5d18]
[mychart.orlandohealth.com/MyChart/passwordresetfe78.html]
[mychart.orlandohealth.com/MyChart/localization/formatsad96]
[mychart.orlandohealth.com/MyChart/scripts/wp.fdiutils.min9e83.js]
[mychart.orlandohealth.com/MyChart/context/webserversettingsc475]
[mychart.orlandohealth.com/MyChart/mnemonicsa410]
[mychart.orlandohealth.com/MyChart/rulestring/strings56b7]
[mychart.orlandohealth.com/MyChart/passwordreset2bca.html]
[mychart.orlandohealth.com/MyChart/localization/formats1954]
[mychart.orlandohealth.com/MyChart/scripts/wp.fdiutils.minfc2a.js]
[mychart.orlandohealth.com/MyChart/context/webserversettings6b3f]
[mychart.orlandohealth.com/MyChart/mnemonics0b74]
[mychart.orlandohealth.com/MyChart/rulestring/stringsb021]
[mychart.orlandohealth.com/MyChart/passwordreset12ff.html]
[mychart.orlandohealth.com/MyChart/localization/formats25a8]
[mychart.orlandohealth.com/MyChart/scripts/wp.fdiutils.min9bc3.js]
[mychart.orlandohealth.com/MyChart/context/webserversettings17d9]
[mychart.orlandohealth.com/MyChart/mnemonics522c]
[mychart.orlandohealth.com/MyChart/rulestring/strings78be]
[mychart.orlandohealth.com/MyChart/passwordreset39fc.html]
[mychart.orlandohealth.com/MyChart/localization/formats219d]
[mychart.orlandohealth.com/MyChart/scripts/wp.fdiutils.mine381.js]
[mychart.orlandohealth.com/MyChart/context/webserversettingsa3ee]
[mychart.orlandohealth.com/MyChart/mnemonics4ebe]
[mychart.orlandohealth.com/MyChart/rulestring/stringsb64a]
[mychart.orlandohealth.com/MyChart/passwordresetdac3.html]
[mychart.orlandohealth.com/MyChart/localization/formatsffef]
[mychart.orlandohealth.com/MyChart/scripts/wp.fdiutils.mina76d.js]
[mychart.orlandohealth.com/MyChart/context/webserversettings69cf]
[mychart.orlandohealth.com/MyChart/mnemonicse84b]
[mychart.orlandohealth.com/MyChart/rulestring/strings4ced]
[mychart.orlandohealth.com/MyChart/passwordreset108d.html]
[mychart.orlandohealth.com/MyChart/localization/formats7fb7]
[mychart.orlandohealth.com/MyChart/scripts/wp.fdiutils.min194f.js]
[mychart.orlandohealth.com/MyChart/context/webserversettingsaa78]
[mychart.orlandohealth.com/MyChart/mnemonics8108]
[mychart.orlandohealth.com/MyChart/rulestring/stringsab36]
[mychart.orlandohealth.com/MyChart/passwordreset3b57.html]
[mychart.orlandohealth.com/MyChart/localization/formatsdf70]
[mychart.orlandohealth.com/MyChart/scripts/wp.fdiutils.minc1b4.js]
[mychart.orlandohealth.com/MyChart/context/webserversettingsf797]
[mychart.orlandohealth.com/MyChart/mnemonicsd77e]
[mychart.orlandohealth.com/MyChart/rulestring/strings69bf]
[mychart.orlandohealth.com/MyChart/passwordresetd4c6.html]
[mychart.orlandohealth.com/MyChart/localization/formatsb151]
[mychart.orlandohealth.com/MyChart/scripts/wp.fdiutils.min9097.js]
[mychart.orlandohealth.com/MyChart/context/webserversettings0886]
[mychart.orlandohealth.com/MyChart/mnemonics655b]
[mychart.orlandohealth.com/MyChart/rulestring/strings088e]
[mychart.orlandohealth.com/MyChart/passwordreset17bb.html]
[mychart.orlandohealth.com/MyChart/localization/formats2908]
[mychart.orlandohealth.com/MyChart/scripts/wp.fdiutils.mind28d.js]
[mychart.orlandohealth.com/MyChart/context/webserversettings6fe6]
[mychart.orlandohealth.com/MyChart/mnemonicsa568]
[mychart.orlandohealth.com/MyChart/rulestring/strings25e4]
[mychart.orlandohealth.com/MyChart/passwordreset718c.html]
[mychart.orlandohealth.com/MyChart/localization/formats795f]
[mychart.orlandohealth.com/MyChart/scripts/wp.fdiutils.mina66f.js]
[mychart.orlandohealth.com/MyChart/context/webserversettingsd047]
[mychart.orlandohealth.com/MyChart/mnemonics17ec]
[mychart.orlandohealth.com/MyChart/rulestring/strings0d62]
[mychart.orlandohealth.com/MyChart/passwordreset56d5.html]
[mychart.orlandohealth.com/MyChart/localization/formatsdefb]
[mychart.orlandohealth.com/MyChart/scripts/wp.fdiutils.minbe03.js]
[mychart.orlandohealth.com/MyChart/context/webserversettings8a30]
[mychart.orlandohealth.com/MyChart/mnemonics2453]
[mychart.orlandohealth.com/MyChart/rulestring/stringsec57]
[mychart.orlandohealth.com/MyChart/passwordresetb50b.html]
[mychart.orlandohealth.com/MyChart/localization/formatsad93]
[mychart.orlandohealth.com/MyChart/scripts/wp.fdiutils.min0523.js]
[mychart.orlandohealth.com/MyChart/context/webserversettings365a]
[mychart.orlandohealth.com/MyChart/mnemonics18c3]
[mychart.orlandohealth.com/MyChart/rulestring/stringsc79a]
[mychart.orlandohealth.com/MyChart/passwordreset1d33.html]
[mychart.orlandohealth.com/MyChart/localization/formats6d3d]
[mychart.orlandohealth.com/MyChart/scripts/wp.fdiutils.mina998.js]
[mychart.orlandohealth.com/MyChart/context/webserversettingsef83]
[mychart.orlandohealth.com/MyChart/mnemonicsd547]
[mychart.orlandohealth.com/MyChart/rulestring/strings0580]
[mychart.orlandohealth.com/MyChart/passwordreset700e.html]
[mychart.orlandohealth.com/MyChart/localization/formatsad0b]
[mychart.orlandohealth.com/MyChart/scripts/wp.fdiutils.mine596.js]
[mychart.orlandohealth.com/MyChart/context/webserversettings64c9]
[mychart.orlandohealth.com/MyChart/mnemonics55e9]
[mychart.orlandohealth.com/MyChart/rulestring/stringsb083]
[mychart.orlandohealth.com/MyChart/passwordresete00e.html]
[mychart.orlandohealth.com/MyChart/localization/formats3c62]
[mychart.orlandohealth.com/MyChart/scripts/wp.fdiutils.min0a45.js]
[mychart.orlandohealth.com/MyChart/context/webserversettings01a0]
[mychart.orlandohealth.com/MyChart/mnemonicsead6]
[mychart.orlandohealth.com/MyChart/rulestring/strings69a1]
[mychart.orlandohealth.com/MyChart/passwordreset0d7a.html]
[mychart.orlandohealth.com/MyChart/localization/formats7c91]
[mychart.orlandohealth.com/MyChart/scripts/wp.fdiutils.min8181.js]
[mychart.orlandohealth.com/MyChart/context/webserversettingse08d]
[mychart.orlandohealth.com/MyChart/mnemonicsd0e7]
[mychart.orlandohealth.com/MyChart/rulestring/strings19df]
[mychart.orlandohealth.com/MyChart/passwordreset8f97.html]
[mychart.orlandohealth.com/MyChart/localization/formatsc36b]
[mychart.orlandohealth.com/MyChart/scripts/wp.fdiutils.mind98c.js]
[mychart.orlandohealth.com/MyChart/context/webserversettingse9e5]
[mychart.orlandohealth.com/MyChart/mnemonics7d22]
[mychart.orlandohealth.com/MyChart/rulestring/strings044e]
[mychart.orlandohealth.com/MyChart/passwordreseta454.html]
[mychart.orlandohealth.com/MyChart/localization/formats013f]
[mychart.orlandohealth.com/MyChart/scripts/wp.fdiutils.min616c.js]
[mychart.orlandohealth.com/MyChart/context/webserversettings1fe8]
[mychart.orlandohealth.com/MyChart/mnemonics574c]
[mychart.orlandohealth.com/MyChart/rulestring/strings4bd4]
[mychart.orlandohealth.com/MyChart/passwordresetecc9.html]
[mychart.orlandohealth.com/MyChart/localization/formats27d4]
[mychart.orlandohealth.com/MyChart/scripts/wp.fdiutils.min7065.js]
[mychart.orlandohealth.com/MyChart/context/webserversettings2048]
[mychart.orlandohealth.com/MyChart/mnemonics2453-2]
[mychart.orlandohealth.com/MyChart/rulestring/strings8913]
[mychart.orlandohealth.com/MyChart/passwordresetb006.html]
[mychart.orlandohealth.com/MyChart/localization/formats3403]
[mychart.orlandohealth.com/MyChart/scripts/wp.fdiutils.min2400.js]
[mychart.orlandohealth.com/MyChart/context/webserversettings2670]
[mychart.orlandohealth.com/MyChart/mnemonics1c83]
[mychart.orlandohealth.com/MyChart/rulestring/strings07b2]
[mychart.orlandohealth.com/MyChart/passwordreset60ed.html]
[mychart.orlandohealth.com/MyChart/localization/formats92c6]
[mychart.orlandohealth.com/MyChart/scripts/wp.fdiutils.min2baf.js]
[mychart.orlandohealth.com/MyChart/context/webserversettings2933]
[mychart.orlandohealth.com/MyChart/mnemonicsf7c7]
[mychart.orlandohealth.com/MyChart/rulestring/strings211d]
[mychart.orlandohealth.com/MyChart/passwordreset59b2.html]
[mychart.orlandohealth.com/MyChart/localization/formats94ec]
[mychart.orlandohealth.com/MyChart/scripts/wp.fdiutils.min8261.js]
[mychart.orlandohealth.com/MyChart/context/webserversettings7204]
[mychart.orlandohealth.com/MyChart/mnemonics16ca]
[mychart.orlandohealth.com/MyChart/rulestring/strings99b0]
[mychart.orlandohealth.com/MyChart/passwordresetb6b6.html]
[mychart.orlandohealth.com/MyChart/localization/formats28f6]
[mychart.orlandohealth.com/MyChart/scripts/wp.fdiutils.minc82e.js]
[mychart.orlandohealth.com/MyChart/context/webserversettingsd2e6]
[mychart.orlandohealth.com/MyChart/mnemonics43a9]
[mychart.orlandohealth.com/MyChart/rulestring/strings7710]
[mychart.orlandohealth.com/MyChart/passwordresete143.html]
[mychart.orlandohealth.com/MyChart/localization/formats1a04]
[mychart.orlandohealth.com/MyChart/scripts/wp.fdiutils.min126b.js]
[mychart.orlandohealth.com/MyChart/context/webserversettingsdf7f]
[mychart.orlandohealth.com/MyChart/mnemonicsb7a7]
[mychart.orlandohealth.com/MyChart/rulestring/strings455f]
[mychart.orlandohealth.com/MyChart/passwordreset8da3.html]
[mychart.orlandohealth.com/MyChart/localization/formats3507]
[mychart.orlandohealth.com/MyChart/scripts/wp.fdiutils.min87da.js]
[mychart.orlandohealth.com/MyChart/context/webserversettings7054]
[mychart.orlandohealth.com/MyChart/mnemonicseed8]
[mychart.orlandohealth.com/MyChart/rulestring/strings3bcb]
[mychart.orlandohealth.com/MyChart/passwordresetd53b.html]
[mychart.orlandohealth.com/MyChart/localization/formats213e]
[mychart.orlandohealth.com/MyChart/scripts/wp.fdiutils.min16c9.js]
[mychart.orlandohealth.com/MyChart/context/webserversettings62f8]
[mychart.orlandohealth.com/MyChart/mnemonics2524]
[mychart.orlandohealth.com/MyChart/rulestring/strings5b45]
[mychart.orlandohealth.com/MyChart/passwordresete653.html]
